Component: ARM Compiler 5.05 update 1 (build 106) Tool: armlink [4d0efa]

==============================================================================

Section Cross References

    main.o(i.display_task) refers to main.o(i.show_address) for show_address
    main.o(i.display_task) refers to tasks.o(i.vTaskSuspend) for vTaskSuspend
    main.o(i.display_task) refers to tasks.o(i.vTaskDelay) for vTaskDelay
    main.o(i.main) refers to delay.o(i.delay_init) for delay_init
    main.o(i.main) refers to misc.o(i.NVIC_PriorityGroupConfig) for NVIC_PriorityGroupConfig
    main.o(i.main) refers to usart.o(i.uart_init) for uart_init
    main.o(i.main) refers to led.o(i.LED_Init) for LED_Init
    main.o(i.main) refers to lcd.o(i.LCD_Init) for LCD_Init
    main.o(i.main) refers to key.o(i.KEY_Init) for KEY_Init
    main.o(i.main) refers to sram.o(i.FSMC_SRAM_Init) for FSMC_SRAM_Init
    main.o(i.main) refers to malloc.o(i.my_mem_init) for my_mem_init
    main.o(i.main) refers to lcd.o(i.LCD_ShowString) for LCD_ShowString
    main.o(i.main) refers to delay.o(i.delay_ms) for delay_ms
    main.o(i.main) refers to lcd.o(i.LCD_Fill) for LCD_Fill
    main.o(i.main) refers to lwip_comm.o(i.lwip_comm_init) for lwip_comm_init
    main.o(i.main) refers to tcp_server_demo.o(i.tcp_server_init) for tcp_server_init
    main.o(i.main) refers to tasks.o(i.xTaskCreateStatic) for xTaskCreateStatic
    main.o(i.main) refers to tasks.o(i.vTaskStartScheduler) for vTaskStartScheduler
    main.o(i.main) refers to usmart_config.o(.data) for usmart_dev
    main.o(i.main) refers to lcd.o(.data) for POINT_COLOR
    main.o(i.main) refers to main.o(.bss) for START_TASK_BUFF
    main.o(i.main) refers to main.o(.data) for START_TASK_NAME
    main.o(i.main) refers to main.o(i.start_task) for start_task
    main.o(i.show_address) refers to _printf_percent.o(.ARM.Collect$$_printf_percent$$00000000) for _printf_percent
    main.o(i.show_address) refers to _printf_d.o(.ARM.Collect$$_printf_percent$$00000009) for _printf_d
    main.o(i.show_address) refers to _printf_dec.o(.text) for _printf_int_dec
    main.o(i.show_address) refers to noretval__2sprintf.o(.text) for __2sprintf
    main.o(i.show_address) refers to lcd.o(i.LCD_ShowString) for LCD_ShowString
    main.o(i.show_address) refers to lwip_comm.o(.bss) for lwipdev
    main.o(i.start_task) refers to tskled.o(i.TskLedCreate) for TskLedCreate
    main.o(i.start_task) refers to tasks.o(i.xTaskCreateStatic) for xTaskCreateStatic
    main.o(i.start_task) refers to tasks.o(i.vTaskSuspend) for vTaskSuspend
    main.o(i.start_task) refers to main.o(.bss) for DISPLAY_TASK_BUFF
    main.o(i.start_task) refers to main.o(.data) for DISPLAY_TASK_NAME
    main.o(i.start_task) refers to main.o(i.display_task) for display_task
    main.o(.data) refers to main.o(.conststring) for .conststring
    system_stm32f10x.o(i.SetSysClock) refers to system_stm32f10x.o(i.SetSysClockTo72) for SetSysClockTo72
    system_stm32f10x.o(i.SystemCoreClockUpdate) refers to system_stm32f10x.o(.data) for SystemCoreClock
    system_stm32f10x.o(i.SystemInit) refers to system_stm32f10x.o(i.SetSysClock) for SetSysClock
    startup_stm32f10x_hd.o(STACK) refers (Special) to heapauxi.o(.text) for __use_two_region_memory
    startup_stm32f10x_hd.o(HEAP) refers (Special) to heapauxi.o(.text) for __use_two_region_memory
    startup_stm32f10x_hd.o(RESET) refers (Special) to heapauxi.o(.text) for __use_two_region_memory
    startup_stm32f10x_hd.o(RESET) refers to startup_stm32f10x_hd.o(STACK) for __initial_sp
    startup_stm32f10x_hd.o(RESET) refers to startup_stm32f10x_hd.o(.text) for Reset_Handler
    startup_stm32f10x_hd.o(RESET) refers to stm32f10x_it.o(i.NMI_Handler) for NMI_Handler
    startup_stm32f10x_hd.o(RESET) refers to stm32f10x_it.o(i.HardFault_Handler) for HardFault_Handler
    startup_stm32f10x_hd.o(RESET) refers to stm32f10x_it.o(i.MemManage_Handler) for MemManage_Handler
    startup_stm32f10x_hd.o(RESET) refers to stm32f10x_it.o(i.BusFault_Handler) for BusFault_Handler
    startup_stm32f10x_hd.o(RESET) refers to stm32f10x_it.o(i.UsageFault_Handler) for UsageFault_Handler
    startup_stm32f10x_hd.o(RESET) refers to port.o(.emb_text) for SVC_Handler
    startup_stm32f10x_hd.o(RESET) refers to stm32f10x_it.o(i.DebugMon_Handler) for DebugMon_Handler
    startup_stm32f10x_hd.o(RESET) refers to delay.o(i.SysTick_Handler) for SysTick_Handler
    startup_stm32f10x_hd.o(RESET) refers to dm9000.o(i.EXTI9_5_IRQHandler) for EXTI9_5_IRQHandler
    startup_stm32f10x_hd.o(RESET) refers to usmart.o(i.TIM2_IRQHandler) for TIM2_IRQHandler
    startup_stm32f10x_hd.o(RESET) refers to usart.o(i.USART1_IRQHandler) for USART1_IRQHandler
    startup_stm32f10x_hd.o(.text) refers (Special) to heapauxi.o(.text) for __use_two_region_memory
    startup_stm32f10x_hd.o(.text) refers to system_stm32f10x.o(i.SystemInit) for SystemInit
[...]
    inet_chksum_pseudo                       0x08005019   Thumb Code   170  inet_chksum.o(i.inet_chksum_pseudo)
    ip4_addr_isbroadcast                     0x080050c3   Thumb Code    78  ip_addr.o(i.ip4_addr_isbroadcast)
    ip_frag                                  0x08005111   Thumb Code   424  ip_frag.o(i.ip_frag)
    ip_input                                 0x080052d9   Thumb Code   458  ip.o(i.ip_input)
    ip_output                                0x080054b9   Thumb Code    60  ip.o(i.ip_output)
    ip_output_if                             0x080054f5   Thumb Code   268  ip.o(i.ip_output_if)
    ip_reass                                 0x08005605   Thumb Code   410  ip_frag.o(i.ip_reass)
    ip_reass_tmr                             0x08005acd   Thumb Code    56  ip_frag.o(i.ip_reass_tmr)
    ip_route                                 0x08005b09   Thumb Code    80  ip.o(i.ip_route)
    lwip_comm_default_ip_set                 0x08005bed   Thumb Code   102  lwip_comm.o(i.lwip_comm_default_ip_set)
    lwip_comm_init                           0x08005c59   Thumb Code   316  lwip_comm.o(i.lwip_comm_init)
    lwip_comm_mem_free                       0x08005e85   Thumb Code    54  lwip_comm.o(i.lwip_comm_mem_free)
    lwip_comm_mem_malloc                     0x08005ed1   Thumb Code   136  lwip_comm.o(i.lwip_comm_mem_malloc)
    lwip_dm9000_input_task                   0x08005fa1   Thumb Code    12  lwip_comm.o(i.lwip_dm9000_input_task)
    lwip_htonl                               0x08005fb1   Thumb Code    26  def.o(i.lwip_htonl)
    lwip_htons                               0x08005fcb   Thumb Code    12  def.o(i.lwip_htons)
    lwip_init                                0x08005fd7   Thumb Code    36  init.o(i.lwip_init)
    lwip_ntohl                               0x08005ffb   Thumb Code    12  def.o(i.lwip_ntohl)
    lwip_ntohs                               0x08006007   Thumb Code    12  def.o(i.lwip_ntohs)
    lwip_socket_init                         0x08006013   Thumb Code     2  sockets.o(i.lwip_socket_init)
    main                                     0x08006075   Thumb Code   348  main.o(i.main)
    mem_free                                 0x08006275   Thumb Code    90  mem.o(i.mem_free)
    mem_init                                 0x080062e1   Thumb Code    94  mem.o(i.mem_init)
    mem_malloc                               0x08006355   Thumb Code   258  mem.o(i.mem_malloc)
    mem_trim                                 0x08006469   Thumb Code   270  mem.o(i.mem_trim)
    memp_free                                0x08006589   Thumb Code    28  memp.o(i.memp_free)
    memp_get_memorysize                      0x080065a9   Thumb Code     8  memp.o(i.memp_get_memorysize)
    memp_init                                0x080065b1   Thumb Code    86  memp.o(i.memp_init)
    memp_malloc                              0x08006619   Thumb Code    44  memp.o(i.memp_malloc)
    my_mem_free                              0x08006649   Thumb Code    96  malloc.o(i.my_mem_free)
    my_mem_init                              0x080066b5   Thumb Code    54  malloc.o(i.my_mem_init)
    my_mem_malloc                            0x080066f9   Thumb Code   156  malloc.o(i.my_mem_malloc)
    my_mem_perused                           0x080067a1   Thumb Code    54  malloc.o(i.my_mem_perused)
    myfree                                   0x080067e1   Thumb Code    30  malloc.o(i.myfree)
    mymalloc                                 0x08006805   Thumb Code    34  malloc.o(i.mymalloc)
    mymemset                                 0x0800682d   Thumb Code    20  malloc.o(i.mymemset)
    netbuf_delete                            0x08006841   Thumb Code    32  netbuf.o(i.netbuf_delete)
    netconn_accept                           0x08006861   Thumb Code   158  api_lib.o(i.netconn_accept)
    netconn_alloc                            0x080068ff   Thumb Code   152  api_msg.o(i.netconn_alloc)
    netconn_bind                             0x08006999   Thumb Code    64  api_lib.o(i.netconn_bind)
    netconn_close                            0x080069dd   Thumb Code    14  api_lib.o(i.netconn_close)
    netconn_delete                           0x08006a2d   Thumb Code    36  api_lib.o(i.netconn_delete)
    netconn_free                             0x08006aff   Thumb Code    58  api_msg.o(i.netconn_free)
    netconn_getaddr                          0x08006b39   Thumb Code    96  api_lib.o(i.netconn_getaddr)
    netconn_listen_with_backlog              0x08006b9d   Thumb Code    56  api_lib.o(i.netconn_listen_with_backlog)
    netconn_new_with_proto_and_callback      0x08006bd9   Thumb Code   114  api_lib.o(i.netconn_new_with_proto_and_callback)
    netconn_recv                             0x08006c51   Thumb Code   156  api_lib.o(i.netconn_recv)
    netconn_write_partly                     0x08006de9   Thumb Code   154  api_lib.o(i.netconn_write_partly)
    netif_add                                0x08006e89   Thumb Code   128  netif.o(i.netif_add)
    netif_init                               0x08006f11   Thumb Code     2  netif.o(i.netif_init)
    netif_set_addr                           0x08006f13   Thumb Code    40  netif.o(i.netif_set_addr)
    netif_set_default                        0x08006f3d   Thumb Code    10  netif.o(i.netif_set_default)
    netif_set_gw                             0x08006f4d   Thumb Code    16  netif.o(i.netif_set_gw)
    netif_set_ipaddr                         0x08006f5d   Thumb Code   124  netif.o(i.netif_set_ipaddr)
    netif_set_netmask                        0x08006fe1   Thumb Code    16  netif.o(i.netif_set_netmask)
    netif_set_up                             0x08006ff1   Thumb Code    54  netif.o(i.netif_set_up)
    pbuf_alloc                               0x08007027   Thumb Code   426  pbuf.o(i.pbuf_alloc)
    pbuf_alloced_custom                      0x080071d1   Thumb Code   116  pbuf.o(i.pbuf_alloced_custom)
    pbuf_cat                                 0x08007245   Thumb Code    56  pbuf.o(i.pbuf_cat)
    pbuf_clen                                0x0800727d   Thumb Code    18  pbuf.o(i.pbuf_clen)
    pbuf_copy                                0x0800728f   Thumb Code   200  pbuf.o(i.pbuf_copy)
    pbuf_copy_partial                        0x08007357   Thumb Code   146  pbuf.o(i.pbuf_copy_partial)
    pbuf_free                                0x080073e9   Thumb Code   150  pbuf.o(i.pbuf_free)
    pbuf_header                              0x080074bf   Thumb Code   134  pbuf.o(i.pbuf_header)
    pbuf_realloc                             0x08007575   Thumb Code   120  pbuf.o(i.pbuf_realloc)
    pbuf_ref                                 0x080075ed   Thumb Code    10  pbuf.o(i.pbuf_ref)
    pvPortMalloc                             0x08008301   Thumb Code   262  heap_4.o(i.pvPortMalloc)
    pvTaskIncrementMutexHeldCount            0x08008455   Thumb Code    26  tasks.o(i.pvTaskIncrementMutexHeldCount)
    pxPortInitialiseStack                    0x08008475   Thumb Code    30  port.o(i.pxPortInitialiseStack)
    raw_bind                                 0x08008499   Thumb Code    16  raw.o(i.raw_bind)
    raw_input                                0x080084a9   Thumb Code   102  raw.o(i.raw_input)
    raw_new                                  0x0800851d   Thumb Code    46  raw.o(i.raw_new)
    raw_recv                                 0x08008551   Thumb Code     6  raw.o(i.raw_recv)
    raw_remove                               0x08008559   Thumb Code    60  raw.o(i.raw_remove)
    read_addr                                0x08008599   Thumb Code     6  usmart.o(i.read_addr)
    show_address                             0x080087ed   Thumb Code   348  main.o(i.show_address)
    start_task                               0x080089d1   Thumb Code    42  main.o(i.start_task)
    sys_arch_mbox_fetch                      0x08008a0d   Thumb Code    96  sys_arch.o(i.sys_arch_mbox_fetch)
    sys_arch_mbox_tryfetch                   0x08008a6d   Thumb Code    34  sys_arch.o(i.sys_arch_mbox_tryfetch)
    sys_arch_sem_wait                        0x08008a8f   Thumb Code    80  sys_arch.o(i.sys_arch_sem_wait)
    sys_init                                 0x08008ae1   Thumb Code     8  sys_arch.o(i.sys_init)
    sys_mbox_free                            0x08008aed   Thumb Code    18  sys_arch.o(i.sys_mbox_free)
    sys_mbox_new                             0x08008aff   Thumb Code    32  sys_arch.o(i.sys_mbox_new)
    sys_mbox_post                            0x08008b1f   Thumb Code    24  sys_arch.o(i.sys_mbox_post)
    sys_mbox_set_invalid                     0x08008b37   Thumb Code     6  sys_arch.o(i.sys_mbox_set_invalid)
    sys_mbox_trypost                         0x08008b3d   Thumb Code    32  sys_arch.o(i.sys_mbox_trypost)
    sys_mbox_valid                           0x08008b5d   Thumb Code    14  sys_arch.o(i.sys_mbox_valid)
    sys_sem_free                             0x08008b6b   Thumb Code    12  sys_arch.o(i.sys_sem_free)
    sys_sem_new                              0x08008b77   Thumb Code    58  sys_arch.o(i.sys_sem_new)
    sys_sem_set_invalid                      0x08008bb1   Thumb Code     6  sys_arch.o(i.sys_sem_set_invalid)
    sys_sem_signal                           0x08008bb7   Thumb Code    18  sys_arch.o(i.sys_sem_signal)
    sys_sem_valid                            0x08008bc9   Thumb Code    14  sys_arch.o(i.sys_sem_valid)
    sys_thread_new                           0x08008bd9   Thumb Code    64  sys_arch.o(i.sys_thread_new)
    sys_timeout                              0x08008c1d   Thumb Code   152  timers_1.o(i.sys_timeout)
    sys_timeouts_init                        0x08008cb9   Thumb Code    28  timers_1.o(i.sys_timeouts_init)
    sys_timeouts_mbox_fetch                  0x08008cdd   Thumb Code   132  timers_1.o(i.sys_timeouts_mbox_fetch)
    sys_untimeout                            0x08008d65   Thumb Code    90  timers_1.o(i.sys_untimeout)
    tcp_abandon                              0x08008dc5   Thumb Code   150  tcp.o(i.tcp_abandon)
    tcp_abort                                0x08008e69   Thumb Code    14  tcp.o(i.tcp_abort)
    tcp_accept                               0x08008e77   Thumb Code     4  tcp.o(i.tcp_accept)
    tcp_alloc                                0x08008e85   Thumb Code   180  tcp.o(i.tcp_alloc)
    tcp_arg                                  0x08008f49   Thumb Code     4  tcp.o(i.tcp_arg)
    tcp_bind                                 0x08008f4d   Thumb Code   146  tcp.o(i.tcp_bind)
    tcp_close                                0x08008fe9   Thumb Code    28  tcp.o(i.tcp_close)
    tcp_eff_send_mss                         0x08009285   Thumb Code    46  tcp.o(i.tcp_eff_send_mss)
    tcp_enqueue_flags                        0x080092b3   Thumb Code   294  tcp_out.o(i.tcp_enqueue_flags)
    tcp_err                                  0x080093d9   Thumb Code    10  tcp.o(i.tcp_err)
    tcp_fasttmr                              0x080093e5   Thumb Code   114  tcp.o(i.tcp_fasttmr)
    tcp_init                                 0x08009465   Thumb Code     2  tcp.o(i.tcp_init)
    tcp_input                                0x08009469   Thumb Code  1180  tcp_in.o(i.tcp_input)
    tcp_keepalive                            0x08009921   Thumb Code   102  tcp_out.o(i.tcp_keepalive)
    tcp_listen_with_backlog                  0x08009b5d   Thumb Code   198  tcp.o(i.tcp_listen_with_backlog)
    tcp_new                                  0x08009c35   Thumb Code    10  tcp.o(i.tcp_new)
    tcp_next_iss                             0x08009ca9   Thumb Code    20  tcp.o(i.tcp_next_iss)
    tcp_output                               0x08009d55   Thumb Code   444  tcp_out.o(i.tcp_output)
    tcp_pcb_purge                            0x0800a1c1   Thumb Code   106  tcp.o(i.tcp_pcb_purge)
    tcp_pcb_remove                           0x0800a22d   Thumb Code   144  tcp.o(i.tcp_pcb_remove)
    tcp_poll                                 0x0800a2c1   Thumb Code    14  tcp.o(i.tcp_poll)
    tcp_process_refused_data                 0x0800a889   Thumb Code   152  tcp.o(i.tcp_process_refused_data)
    tcp_recv                                 0x0800b351   Thumb Code    10  tcp.o(i.tcp_recv)
    tcp_recv_null                            0x0800b35b   Thumb Code    46  tcp.o(i.tcp_recv_null)
    tcp_recved                               0x0800b389   Thumb Code    74  tcp.o(i.tcp_recved)
    tcp_rexmit                               0x0800b3d3   Thumb Code    90  tcp_out.o(i.tcp_rexmit)
    tcp_rexmit_fast                          0x0800b42d   Thumb Code   120  tcp_out.o(i.tcp_rexmit_fast)
    tcp_rexmit_rto                           0x0800b4a5   Thumb Code    58  tcp_out.o(i.tcp_rexmit_rto)
    tcp_rst                                  0x0800b4df   Thumb Code   150  tcp_out.o(i.tcp_rst)
    tcp_seg_copy                             0x0800b575   Thumb Code    38  tcp.o(i.tcp_seg_copy)
    tcp_seg_free                             0x0800b59b   Thumb Code    26  tcp.o(i.tcp_seg_free)
    tcp_segs_free                            0x0800b5b5   Thumb Code    24  tcp.o(i.tcp_segs_free)
    tcp_send_empty_ack                       0x0800b5cd   Thumb Code   104  tcp_out.o(i.tcp_send_empty_ack)
    tcp_send_fin                             0x0800b635   Thumb Code    74  tcp_out.o(i.tcp_send_fin)
    tcp_sent                                 0x0800b67f   Thumb Code     8  tcp.o(i.tcp_sent)
    tcp_server_init                          0x0800b689   Thumb Code    44  tcp_server_demo.o(i.tcp_server_init)
    tcp_shutdown                             0x0800b8b9   Thumb Code    98  tcp.o(i.tcp_shutdown)
    tcp_slowtmr                              0x0800b91d   Thumb Code   870  tcp.o(i.tcp_slowtmr)
    tcp_timer_needed                         0x0800bca5   Thumb Code    38  timers_1.o(i.tcp_timer_needed)
    tcp_tmr                                  0x0800bd89   Thumb Code    30  tcp.o(i.tcp_tmr)
    tcp_update_rcv_ann_wnd                   0x0800bdad   Thumb Code    78  tcp.o(i.tcp_update_rcv_ann_wnd)
    tcp_write                                0x0800bdfb   Thumb Code   976  tcp_out.o(i.tcp_write)
    tcp_zero_window_probe                    0x0800c24b   Thumb Code   198  tcp_out.o(i.tcp_zero_window_probe)
    tcpip_apimsg                             0x0800c311   Thumb Code    60  tcpip.o(i.tcpip_apimsg)
    tcpip_callback_with_block                0x0800c351   Thumb Code    90  tcpip.o(i.tcpip_callback_with_block)
    tcpip_init                               0x0800c3b1   Thumb Code    52  tcpip.o(i.tcpip_init)
    tcpip_input                              0x0800c405   Thumb Code    72  tcpip.o(i.tcpip_input)
    uart_init                                0x0800c56d   Thumb Code   154  usart.o(i.uart_init)
    udp_bind                                 0x0800c611   Thumb Code   146  udp.o(i.udp_bind)
    udp_init                                 0x0800c6a9   Thumb Code     2  udp.o(i.udp_init)
    udp_input                                0x0800c6ad   Thumb Code   448  udp.o(i.udp_input)
    udp_new                                  0x0800c879   Thumb Code    28  udp.o(i.udp_new)
    udp_recv                                 0x0800c8ed   Thumb Code     6  udp.o(i.udp_recv)
    udp_remove                               0x0800c8f5   Thumb Code    60  udp.o(i.udp_remove)
    usmart_cmd_rec                           0x0800c935   Thumb Code   170  usmart.o(i.usmart_cmd_rec)
    usmart_exe                               0x0800c9e5   Thumb Code   632  usmart.o(i.usmart_exe)
    usmart_get_aparm                         0x0800ccb9   Thumb Code   200  usmart_str.o(i.usmart_get_aparm)
    usmart_get_cmdname                       0x0800cd81   Thumb Code    54  usmart_str.o(i.usmart_get_cmdname)
    usmart_get_fname                         0x0800cdb9   Thumb Code   440  usmart_str.o(i.usmart_get_fname)
    usmart_get_fparam                        0x0800cf79   Thumb Code   262  usmart_str.o(i.usmart_get_fparam)
    usmart_get_parmpos                       0x0800d085   Thumb Code    26  usmart_str.o(i.usmart_get_parmpos)
    usmart_get_runtime                       0x0800d0a5   Thumb Code    58  usmart.o(i.usmart_get_runtime)
    usmart_init                              0x0800d0e5   Thumb Code    36  usmart.o(i.usmart_init)
    usmart_pow                               0x0800d10d   Thumb Code    22  usmart_str.o(i.usmart_pow)
    usmart_reset_runtime                     0x0800d125   Thumb Code    34  usmart.o(i.usmart_reset_runtime)
    usmart_scan                              0x0800d14d   Thumb Code   120  usmart.o(i.usmart_scan)
    usmart_search_nextc                      0x0800d209   Thumb Code    22  usmart_str.o(i.usmart_search_nextc)
    usmart_str2num                           0x0800d21f   Thumb Code   202  usmart_str.o(i.usmart_str2num)
    usmart_strcmp                            0x0800d2e9   Thumb Code    34  usmart_str.o(i.usmart_strcmp)
    usmart_strcopy                           0x0800d30b   Thumb Code    22  usmart_str.o(i.usmart_strcopy)
    usmart_strlen                            0x0800d321   Thumb Code    24  usmart_str.o(i.usmart_strlen)
    usmart_sys_cmd_exe                       0x0800d339   Thumb Code  1554  usmart.o(i.usmart_sys_cmd_exe)
    uxListRemove                             0x0800da1d   Thumb Code    40  list.o(i.uxListRemove)
    uxQueueMessagesWaiting                   0x0800da45   Thumb Code    32  queue.o(i.uxQueueMessagesWaiting)
    vApplicationGetIdleTaskMemory            0x0800da89   Thumb Code    14  tasks.o(i.vApplicationGetIdleTaskMemory)
    vApplicationGetTimerTaskMemory           0x0800daa1   Thumb Code    16  tasks.o(i.vApplicationGetTimerTaskMemory)
    vListInitialise                          0x0800dab9   Thumb Code    26  list.o(i.vListInitialise)
    vListInitialiseItem                      0x0800dad3   Thumb Code     6  list.o(i.vListInitialiseItem)
    vListInsert                              0x0800dad9   Thumb Code    52  list.o(i.vListInsert)
    vListInsertEnd                           0x0800db0d   Thumb Code    24  list.o(i.vListInsertEnd)
    vPortEnterCritical                       0x0800db25   Thumb Code    68  port.o(i.vPortEnterCritical)
    vPortExitCritical                        0x0800dbad   Thumb Code    48  port.o(i.vPortExitCritical)
    vPortFree                                0x0800dc1d   Thumb Code   120  heap_4.o(i.vPortFree)
    vPortSetupTimerInterrupt                 0x0800dcd5   Thumb Code    36  port.o(i.vPortSetupTimerInterrupt)
    vPortValidateInterruptPriority           0x0800dcfd   Thumb Code    86  port.o(i.vPortValidateInterruptPriority)
    vQueueAddToRegistry                      0x0800dd9d   Thumb Code    38  queue.o(i.vQueueAddToRegistry)
    vQueueDelete                             0x0800ddc9   Thumb Code    40  queue.o(i.vQueueDelete)
    vQueueUnregisterQueue                    0x0800de15   Thumb Code    44  queue.o(i.vQueueUnregisterQueue)
    vQueueWaitForMessageRestricted           0x0800de45   Thumb Code    74  queue.o(i.vQueueWaitForMessageRestricted)
    vTaskDelay                               0x0800de91   Thumb Code    72  tasks.o(i.vTaskDelay)
    vTaskInternalSetTimeOutState             0x0800df05   Thumb Code    14  tasks.o(i.vTaskInternalSetTimeOutState)
    vTaskMissedYield                         0x0800df1d   Thumb Code     8  tasks.o(i.vTaskMissedYield)
    vTaskPlaceOnEventList                    0x0800df29   Thumb Code    42  tasks.o(i.vTaskPlaceOnEventList)
    vTaskPlaceOnEventListRestricted          0x0800df7d   Thumb Code    50  tasks.o(i.vTaskPlaceOnEventListRestricted)
    vTaskPriorityDisinheritAfterTimeout      0x0800dfd9   Thumb Code   210  tasks.o(i.vTaskPriorityDisinheritAfterTimeout)
    vTaskStartScheduler                      0x0800e0dd   Thumb Code   146  tasks.o(i.vTaskStartScheduler)
    vTaskSuspend                             0x0800e1b1   Thumb Code   200  tasks.o(i.vTaskSuspend)
    vTaskSuspendAll                          0x0800e2bd   Thumb Code    12  tasks.o(i.vTaskSuspendAll)
    vTaskSwitchContext                       0x0800e2cd   Thumb Code   110  tasks.o(i.vTaskSwitchContext)
    write_addr                               0x0800e375   Thumb Code     4  usmart.o(i.write_addr)
    xPortStartScheduler                      0x0800e379   Thumb Code   240  port.o(i.xPortStartScheduler)
    xPortSysTickHandler                      0x0800e4b9   Thumb Code    46  port.o(i.xPortSysTickHandler)
    xQueueCreateCountingSemaphore            0x0800e4ed   Thumb Code    72  queue.o(i.xQueueCreateCountingSemaphore)
    xQueueCreateMutex                        0x0800e559   Thumb Code    34  queue.o(i.xQueueCreateMutex)
    xQueueGenericCreate                      0x0800e57d   Thumb Code    84  queue.o(i.xQueueGenericCreate)
    xQueueGenericCreateStatic                0x0800e5f5   Thumb Code   172  queue.o(i.xQueueGenericCreateStatic)
    xQueueGenericReset                       0x0800e6c5   Thumb Code   134  queue.o(i.xQueueGenericReset)
    xQueueGenericSend                        0x0800e775   Thumb Code   412  queue.o(i.xQueueGenericSend)
    xQueueGenericSendFromISR                 0x0800e939   Thumb Code   234  queue.o(i.xQueueGenericSendFromISR)
    xQueueGiveFromISR                        0x0800ea49   Thumb Code   216  queue.o(i.xQueueGiveFromISR)
    xQueueReceive                            0x0800eb45   Thumb Code   326  queue.o(i.xQueueReceive)
    xQueueSemaphoreTake                      0x0800ecb5   Thumb Code   394  queue.o(i.xQueueSemaphoreTake)
    xTaskCheckForTimeOut                     0x0800ee69   Thumb Code   112  tasks.o(i.xTaskCheckForTimeOut)
    xTaskCreate                              0x0800ef05   Thumb Code   100  tasks.o(i.xTaskCreate)
    xTaskCreateStatic                        0x0800ef69   Thumb Code   152  tasks.o(i.xTaskCreateStatic)
    xTaskGetSchedulerState                   0x0800f025   Thumb Code    24  tasks.o(i.xTaskGetSchedulerState)
    xTaskGetTickCount                        0x0800f045   Thumb Code     6  tasks.o(i.xTaskGetTickCount)
    xTaskIncrementTick                       0x0800f051   Thumb Code   272  tasks.o(i.xTaskIncrementTick)
    xTaskPriorityDisinherit                  0x0800f1b1   Thumb Code   168  tasks.o(i.xTaskPriorityDisinherit)
    xTaskPriorityInherit                     0x0800f289   Thumb Code   186  tasks.o(i.xTaskPriorityInherit)
    xTaskRemoveFromEventList                 0x0800f351   Thumb Code   118  tasks.o(i.xTaskRemoveFromEventList)
    xTaskResumeAll                           0x0800f405   Thumb Code   214  tasks.o(i.xTaskResumeAll)
    xTimerCreateTimerTask                    0x0800f525   Thumb Code    90  timers.o(i.xTimerCreateTimerTask)
    xTimerGenericCommand                     0x0800f5bd   Thumb Code   118  timers.o(i.xTimerGenericCommand)
    asc2_1206                                0x0800f660   Data        1140  lcd.o(.constdata)
    asc2_1608                                0x0800fad4   Data        1520  lcd.o(.constdata)
    asc2_2412                                0x080100c4   Data        3420  lcd.o(.constdata)
    memtblsize                               0x08010e30   Data           8  malloc.o(.constdata)
    memblksize                               0x08010e38   Data           8  malloc.o(.constdata)
    memsize                                  0x08010e40   Data           8  malloc.o(.constdata)
    ethbroadcast                             0x08010e48   Data           6  etharp.o(.constdata)
    ethzero                                  0x08010e4e   Data           6  etharp.o(.constdata)
    tcp_state_str                            0x08010e8c   Data          44  tcp.o(.constdata)
    tcp_backoff                              0x08010eb8   Data          13  tcp.o(.constdata)
    tcp_persist_backoff                      0x08010ec5   Data           7  tcp.o(.constdata)
    tcp_pcb_lists                            0x08010ecc   Data          16  tcp.o(.constdata)
    ip_addr_any                              0x08010edc   Data           4  ip_addr.o(.constdata)
    ip_addr_broadcast                        0x08010ee0   Data           4  ip_addr.o(.constdata)
    tcp_server_sendbuf                       0x08010ee4   Data           5  tcp_server_demo.o(.constdata)
    Region$$Table$$Base                      0x080111ac   Number         0  anon$$obj.o(Region$$Table)
    Region$$Table$$Limit                     0x080111cc   Number         0  anon$$obj.o(Region$$Table)
    DISPLAY_TASK_NAME                        0x20000000   Data           4  main.o(.data)
    START_TASK_NAME                          0x20000004   Data           4  main.o(.data)
    SystemCoreClock                          0x20000008   Data           4  system_stm32f10x.o(.data)
    AHBPrescTable                            0x2000000c   Data          16  system_stm32f10x.o(.data)
    __stdout                                 0x20000034   Data           4  usart.o(.data)
    USART_RX_STA                             0x20000038   Data           2  usart.o(.data)
    POINT_COLOR                              0x2000003a   Data           2  lcd.o(.data)
    BACK_COLOR                               0x2000003c   Data           2  lcd.o(.data)
    pxCurrentTCB                             0x20000040   Data           4  tasks.o(.data)
    mallco_dev                               0x200000cc   Data          28  malloc.o(.data)
    ram_heap                                 0x200000ec   Data           4  mem.o(.data)
    memp_memory                              0x20000138   Data           4  memp.o(.data)
    netif_list                               0x2000013c   Data           4  netif.o(.data)
    netif_default                            0x20000140   Data           4  netif.o(.data)
    pbuf_free_ooseq_pending                  0x20000145   Data           1  pbuf.o(.data)
    tcp_ticks                                0x20000150   Data           4  tcp.o(.data)
    tcp_bound_pcbs                           0x20000154   Data           4  tcp.o(.data)
    tcp_listen_pcbs                          0x20000158   Data           4  tcp.o(.data)
    tcp_active_pcbs                          0x2000015c   Data           4  tcp.o(.data)
    tcp_tw_pcbs                              0x20000160   Data           4  tcp.o(.data)
    tcp_tmp_pcb                              0x20000164   Data           4  tcp.o(.data)
    tcp_active_pcbs_changed                  0x20000168   Data           1  tcp.o(.data)
    tcp_input_pcb                            0x2000018c   Data           4  tcp_in.o(.data)
    udp_pcbs                                 0x2000019c   Data           4  udp.o(.data)
    current_netif                            0x200001a0   Data           4  ip.o(.data)
    current_header                           0x200001a4   Data           4  ip.o(.data)
    current_iphdr_src                        0x200001a8   Data           4  ip.o(.data)
    current_iphdr_dest                       0x200001ac   Data           4  ip.o(.data)
    LWIP_DHCP_TASK_STK                       0x200001cc   Data           4  lwip_comm.o(.data)
    LWIP_DHCP_TASK_NAME                      0x200001d0   Data           4  lwip_comm.o(.data)
    LWIP_DM9000_INPUT_TASK_STK               0x200001d4   Data           4  lwip_comm.o(.data)
    LWIP_DM9000_INPUT_TASK_NAME              0x200001d8   Data           4  lwip_comm.o(.data)
    TCPIP_THREAD_TASK_STK                    0x200001dc   Data           4  lwip_comm.o(.data)
    dm9000input                              0x200001e0   Data           4  lwip_comm.o(.data)
    dm9000lock                               0x200001e4   Data           4  lwip_comm.o(.data)
    tcp_server_flag                          0x200001e8   Data           1  tcp_server_demo.o(.data)
    TskTCPServerHandler                      0x200001ec   Data           4  tcp_server_demo.o(.data)
    TCPSERVER_TASK_NAME                      0x200001f0   Data           4  tcp_server_demo.o(.data)
    sys_cmd_tab                              0x200001fc   Data          28  usmart.o(.data)
    usmart_nametab                           0x20000218   Data          64  usmart_config.o(.data)
    usmart_dev                               0x20000258   Data         244  usmart_config.o(.data)
    DISPLAY_TASK_STK                         0x2000034c   Data         512  main.o(.bss)
    DISPLAY_TASK_BUFF                        0x2000054c   Data          92  main.o(.bss)
    START_TASK_STK                           0x200005a8   Data         512  main.o(.bss)
    START_TASK_BUFF                          0x200007a8   Data          92  main.o(.bss)
    USART_RX_BUF                             0x20000804   Data         200  usart.o(.bss)
    lcddev                                   0x200008cc   Data          14  lcd.o(.bss)
    dm9000cfg                                0x200008da   Data          18  dm9000.o(.bss)
    xQueueRegistry                           0x200008ec   Data          64  queue.o(.bss)
    mem1base                                 0x200063c0   Data       20480  malloc.o(.bss)
    mem1mapbase                              0x2000b3c0   Data        1280  malloc.o(.bss)
    LWIP_DHCP_TASK_BUFF                      0x2000b9d4   Data          92  lwip_comm.o(.bss)
    LWIP_DM9000_INPUT_TASK_BUFF              0x2000ba30   Data          92  lwip_comm.o(.bss)
    LWIP_THREAD_TASK_BUFF                    0x2000ba8c   Data          92  lwip_comm.o(.bss)
    lwipdev                                  0x2000bae8   Data          23  lwip_comm.o(.bss)
    lwip_netif                               0x2000bb00   Data          48  lwip_comm.o(.bss)
    tcp_server_recvbuf                       0x2000bb30   Data        1000  tcp_server_demo.o(.bss)
    __libspace_start                         0x2000bf18   Data          96  libspace.o(.bss)
    __temporary_stack_top$libspace           0x2000bf78   Data           0  libspace.o(.bss)
    mem2base                                 0x68000000   Data       983040  malloc.o(.ARM.__AT_0x68000000)
    mem2mapbase                              0x680f0000   Data       61440  malloc.o(.ARM.__AT_0x680F0000)



==============================================================================

Memory Map of the image

  Image Entry point : 0x08000131

  Load Region LR_IROM1 (Base: 0x08000000, Size: 0x00011518, Max: 0x00080000, ABSOLUTE, COMPRESSED[0x000112bc])

    Execution Region ER_IROM1 (Base: 0x08000000, Size: 0x000111cc, Max: 0x00080000, ABSOLUTE)

    Base Addr    Size         Type   Attr      Idx    E Section Name        Object

    0x08000000   0x00000130   Data   RO          378    RESET               startup_stm32f10x_hd.o
    0x08000130   0x00000008   Code   RO         6029  * !!!main             c_w.l(__main.o)
    0x08000138   0x00000034   Code   RO         6229    !!!scatter          c_w.l(__scatter.o)
    0x0800016c   0x0000005a   Code   RO         6227    !!dczerorl2         c_w.l(__dczerorl2.o)
    0x080001c6   0x00000002   PAD
    0x080001c8   0x0000001c   Code   RO         6231    !!handler_zi        c_w.l(__scatter_zi.o)
    0x080001e4   0x00000000   Code   RO         6005    .ARM.Collect$$_printf_percent$$00000000  c_w.l(_printf_percent.o)
    0x080001e4   0x00000006   Code   RO         6003    .ARM.Collect$$_printf_percent$$00000009  c_w.l(_printf_d.o)
    0x080001ea   0x00000006   Code   RO         6004    .ARM.Collect$$_printf_percent$$0000000A  c_w.l(_printf_u.o)
    0x080001f0   0x00000006   Code   RO         6002    .ARM.Collect$$_printf_percent$$0000000C  c_w.l(_printf_x.o)
    0x080001f6   0x00000006   Code   RO         6000    .ARM.Collect$$_printf_percent$$00000013  c_w.l(_printf_c.o)
    0x080001fc   0x00000006   Code   RO         6001    .ARM.Collect$$_printf_percent$$00000014  c_w.l(_printf_s.o)
    0x08000202   0x00000004   Code   RO         6061    .ARM.Collect$$_printf_percent$$00000017  c_w.l(_printf_percent_end.o)
    0x08000206   0x00000002   Code   RO         6158    .ARM.Collect$$libinit$$00000000  c_w.l(libinit.o)
    0x08000208   0x00000000   Code   RO         6066    .ARM.Collect$$libinit$$00000002  c_w.l(libinit2.o)
    0x08000208   0x00000000   Code   RO         6068    .ARM.Collect$$libinit$$00000004  c_w.l(libinit2.o)
    0x08000208   0x00000000   Code   RO         6071    .ARM.Collect$$libinit$$0000000A  c_w.l(libinit2.o)
    0x08000208   0x00000000   Code   RO         6073    .ARM.Collect$$libinit$$0000000C  c_w.l(libinit2.o)
    0x08000208   0x00000000   Code   RO         6075    .ARM.Collect$$libinit$$0000000E  c_w.l(libinit2.o)
    0x08000208   0x00000000   Code   RO         6078    .ARM.Collect$$libinit$$00000011  c_w.l(libinit2.o)
    0x08000208   0x00000000   Code   RO         6080    .ARM.Collect$$libinit$$00000013  c_w.l(libinit2.o)
    0x08000208   0x00000000   Code   RO         6082    .ARM.Collect$$libinit$$00000015  c_w.l(libinit2.o)
    0x08000208   0x00000000   Code   RO         6084    .ARM.Collect$$libinit$$00000017  c_w.l(libinit2.o)
    0x08000208   0x00000000   Code   RO         6086    .ARM.Collect$$libinit$$00000019  c_w.l(libinit2.o)
    0x08000208   0x00000000   Code   RO         6088    .ARM.Collect$$libinit$$0000001B  c_w.l(libinit2.o)
    0x08000208   0x00000000   Code   RO         6090    .ARM.Collect$$libinit$$0000001D  c_w.l(libinit2.o)
    0x08000208   0x00000000   Code   RO         6092    .ARM.Collect$$libinit$$0000001F  c_w.l(libinit2.o)
    0x08000208   0x00000000   Code   RO         6094    .ARM.Collect$$libinit$$00000021  c_w.l(libinit2.o)
    0x08000208   0x00000000   Code   RO         6096    .ARM.Collect$$libinit$$00000023  c_w.l(libinit2.o)
    0x08000208   0x00000000   Code   RO         6098    .ARM.Collect$$libinit$$00000025  c_w.l(libinit2.o)
    0x08000208   0x00000000   Code   RO         6102    .ARM.Collect$$libinit$$0000002C  c_w.l(libinit2.o)
    0x08000208   0x00000000   Code   RO         6104    .ARM.Collect$$libinit$$0000002E  c_w.l(libinit2.o)
    0x08000208   0x00000000   Code   RO         6106    .ARM.Collect$$libinit$$00000030  c_w.l(libinit2.o)
    0x08000208   0x00000000   Code   RO         6108    .ARM.Collect$$libinit$$00000032  c_w.l(libinit2.o)
    0x08000208   0x00000002   Code   RO         6109    .ARM.Collect$$libinit$$00000033  c_w.l(libinit2.o)
    0x0800020a   0x00000002   Code   RO         6189    .ARM.Collect$$libshutdown$$00000000  c_w.l(libshutdown.o)
    0x0800020c   0x00000000   Code   RO         6196    .ARM.Collect$$libshutdown$$00000003  c_w.l(libshutdown2.o)
    0x0800020c   0x00000000   Code   RO         6199    .ARM.Collect$$libshutdown$$00000006  c_w.l(libshutdown2.o)
    0x0800020c   0x00000000   Code   RO         6202    .ARM.Collect$$libshutdown$$00000009  c_w.l(libshutdown2.o)
    0x0800020c   0x00000000   Code   RO         6204    .ARM.Collect$$libshutdown$$0000000B  c_w.l(libshutdown2.o)
    0x0800020c   0x00000000   Code   RO         6207    .ARM.Collect$$libshutdown$$0000000E  c_w.l(libshutdown2.o)
    0x0800020c   0x00000002   Code   RO         6208    .ARM.Collect$$libshutdown$$0000000F  c_w.l(libshutdown2.o)
    0x0800020e   0x00000000   Code   RO         6045    .ARM.Collect$$rtentry$$00000000  c_w.l(__rtentry.o)
    0x0800020e   0x00000000   Code   RO         6119    .ARM.Collect$$rtentry$$00000002  c_w.l(__rtentry2.o)
    0x0800020e   0x00000006   Code   RO         6131    .ARM.Collect$$rtentry$$00000004  c_w.l(__rtentry4.o)
    0x08000214   0x00000000   Code   RO         6121    .ARM.Collect$$rtentry$$00000009  c_w.l(__rtentry2.o)
    0x08000214   0x00000004   Code   RO         6122    .ARM.Collect$$rtentry$$0000000A  c_w.l(__rtentry2.o)
    0x08000218   0x00000000   Code   RO         6124    .ARM.Collect$$rtentry$$0000000C  c_w.l(__rtentry2.o)
    0x08000218   0x00000008   Code   RO         6125    .ARM.Collect$$rtentry$$0000000D  c_w.l(__rtentry2.o)
    0x08000220   0x00000002   Code   RO         6161    .ARM.Collect$$rtexit$$00000000  c_w.l(rtexit.o)
    0x08000222   0x00000000   Code   RO         6171    .ARM.Collect$$rtexit$$00000002  c_w.l(rtexit2.o)
    0x08000222   0x00000004   Code   RO         6172    .ARM.Collect$$rtexit$$00000003  c_w.l(rtexit2.o)
    0x08000226   0x00000006   Code   RO         6173    .ARM.Collect$$rtexit$$00000004  c_w.l(rtexit2.o)
    0x0800022c   0x00000096   Code   RO         3147    .emb_text           port.o
    0x080002c2   0x00000002   PAD
    0x080002c4   0x00000040   Code   RO          379    .text               startup_stm32f10x_hd.o
    0x08000304   0x00000002   Code   RO         5939    .text               c_w.l(use_no_semi_2.o)
    0x08000306   0x00000002   PAD
    0x08000308   0x00000018   Code   RO         5947    .text               c_w.l(noretval__2printf.o)
    0x08000320   0x00000028   Code   RO         5949    .text               c_w.l(noretval__2sprintf.o)
    0x08000348   0x0000004e   Code   RO         5953    .text               c_w.l(_printf_pad.o)
    0x08000396   0x00000052   Code   RO         5955    .text               c_w.l(_printf_str.o)
    0x080003e8   0x00000078   Code   RO         5957    .text               c_w.l(_printf_dec.o)
    0x08000460   0x00000058   Code   RO         5962    .text               c_w.l(_printf_hex_int.o)
    0x080004b8   0x00000188   Code   RO         5997    .text               c_w.l(__printf_flags_ss_wp.o)
    0x08000640   0x00000058   Code   RO         6011    .text               c_w.l(memcmp.o)
    0x08000698   0x0000003e   Code   RO         6015    .text               c_w.l(strlen.o)
    0x080006d6   0x0000008a   Code   RO         6017    .text               c_w.l(rt_memcpy_v6.o)
    0x08000760   0x00000064   Code   RO         6019    .text               c_w.l(rt_memcpy_w.o)
    0x080007c4   0x00000010   Code   RO         6021    .text               c_w.l(aeabi_memset.o)
    0x080007d4   0x00000044   Code   RO         6023    .text               c_w.l(rt_memclr.o)
    0x08000818   0x0000004e   Code   RO         6025    .text               c_w.l(rt_memclr_w.o)
    0x08000866   0x00000006   Code   RO         6027    .text               c_w.l(heapauxi.o)
    0x0800086c   0x00000002   Code   RO         6043    .text               c_w.l(use_no_semi.o)
    0x0800086e   0x000000b2   Code   RO         6051    .text               c_w.l(_printf_intcommon.o)
    0x08000920   0x00000030   Code   RO         6053    .text               c_w.l(_printf_char_common.o)
    0x08000950   0x0000000a   Code   RO         6055    .text               c_w.l(_sputc.o)
    0x0800095a   0x0000002c   Code   RO         6057    .text               c_w.l(_printf_char.o)
    0x08000986   0x00000002   PAD
    0x08000988   0x00000024   Code   RO         6059    .text               c_w.l(_printf_char_file.o)
    0x080009ac   0x00000008   Code   RO         6115    .text               c_w.l(libspace.o)
    0x080009b4   0x00000008   Code   RO         6135    .text               c_w.l(ferror.o)
    0x080009bc   0x0000004a   Code   RO         6145    .text               c_w.l(sys_stackheap_outer.o)
    0x08000a06   0x0000000c   Code   RO         6147    .text               c_w.l(exit.o)
    0x08000a12   0x00000004   Code   RO          260    i.BusFault_Handler  stm32f10x_it.o
    0x08000a16   0x0000002c   Code   RO         2047    i.DM9000_Get_DeiviceID  dm9000.o
    0x08000a42   0x00000002   PAD
    0x08000a44   0x00000074   Code   RO         2048    i.DM9000_Get_SpeedAndDuplex  dm9000.o
    0x08000ab8   0x000002f4   Code   RO         2049    i.DM9000_Init       dm9000.o
    0x08000dac   0x0000003c   Code   RO         2050    i.DM9000_PHY_ReadReg  dm9000.o
    0x08000de8   0x00000038   Code   RO         2051    i.DM9000_PHY_WriteReg  dm9000.o
    0x08000e20   0x00000014   Code   RO         2052    i.DM9000_ReadReg    dm9000.o
    0x08000e34   0x0000020c   Code   RO         2053    i.DM9000_Receive_Packet  dm9000.o
    0x08001040   0x0000007c   Code   RO         2054    i.DM9000_Reset      dm9000.o
    0x080010bc   0x000000d0   Code   RO         2055    i.DM9000_SendPacket  dm9000.o
    0x0800118c   0x0000001c   Code   RO         2056    i.DM9000_Set_MACAddress  dm9000.o
    0x080011a8   0x0000001c   Code   RO         2057    i.DM9000_Set_Multicast  dm9000.o
    0x080011c4   0x0000005c   Code   RO         2058    i.DM9000_Set_PHYMode  dm9000.o
    0x08001220   0x00000014   Code   RO         2059    i.DM9000_WriteReg   dm9000.o
    0x08001234   0x0000009c   Code   RO         2060    i.DMA9000_ISRHandler  dm9000.o
    0x080012d0   0x00000002   Code   RO          261    i.DebugMon_Handler  stm32f10x_it.o
    0x080012d2   0x00000002   PAD
    0x080012d4   0x0000001c   Code   RO         2061    i.EXTI9_5_IRQHandler  dm9000.o
    0x080012f0   0x0000000c   Code   RO         1582    i.EXTI_ClearITPendingBit  stm32f10x_exti.o
    0x080012fc   0x00000094   Code   RO         1587    i.EXTI_Init         stm32f10x_exti.o
    0x08001390   0x00000034   Code   RO          430    i.FSMC_NORSRAMCmd   stm32f10x_fsmc.o
    0x080013c4   0x000000e6   Code   RO          432    i.FSMC_NORSRAMInit  stm32f10x_fsmc.o
    0x080014aa   0x00000002   PAD
    0x080014ac   0x000000c8   Code   RO         2007    i.FSMC_SRAM_Init    sram.o
    0x08001574   0x00000040   Code   RO          542    i.GPIO_EXTILineConfig  stm32f10x_gpio.o
    0x080015b4   0x00000116   Code   RO          545    i.GPIO_Init         stm32f10x_gpio.o
    0x080016ca   0x00000004   Code   RO          553    i.GPIO_SetBits      stm32f10x_gpio.o
    0x080016ce   0x00000004   Code   RO          262    i.HardFault_Handler  stm32f10x_it.o
    0x080016d2   0x00000002   PAD
    0x080016d4   0x0000003c   Code   RO         2154    i.KEY_Init          key.o
    0x08001710   0x00000034   Code   RO         1798    i.LCD_Clear         lcd.o
    0x08001744   0x0000008c   Code   RO         1802    i.LCD_Display_Dir   lcd.o
    0x080017d0   0x0000017c   Code   RO         1807    i.LCD_Fast_DrawPoint  lcd.o
    0x0800194c   0x000000bc   Code   RO         1808    i.LCD_Fill          lcd.o
    0x08001a08   0x000011ec   Code   RO         1809    i.LCD_Init          lcd.o
    0x08002bf4   0x00000014   Code   RO         1811    i.LCD_RD_DATA       lcd.o
    0x08002c08   0x00000016   Code   RO         1813    i.LCD_ReadReg       lcd.o
    0x08002c1e   0x00000002   PAD
    0x08002c20   0x000002dc   Code   RO         1815    i.LCD_Scan_Dir      lcd.o
    0x08002efc   0x000001a8   Code   RO         1816    i.LCD_SetCursor     lcd.o
    0x080030a4   0x00000128   Code   RO         1818    i.LCD_ShowChar      lcd.o
    0x080031cc   0x00000066   Code   RO         1820    i.LCD_ShowString    lcd.o
    0x08003232   0x00000002   PAD
    0x08003234   0x0000000c   Code   RO         1822    i.LCD_WR_DATA       lcd.o
    0x08003240   0x0000000c   Code   RO         1823    i.LCD_WR_REG        lcd.o
    0x0800324c   0x00000014   Code   RO         1825    i.LCD_WriteRAM_Prepare  lcd.o
    0x08003260   0x00000010   Code   RO         1826    i.LCD_WriteReg      lcd.o
    0x08003270   0x0000004c   Code   RO         1780    i.LED_Init          led.o
    0x080032bc   0x00000004   Code   RO          263    i.MemManage_Handler  stm32f10x_it.o
    0x080032c0   0x00000002   Code   RO          264    i.NMI_Handler       stm32f10x_it.o
    0x080032c2   0x00000002   PAD
    0x080032c4   0x00000070   Code   RO          383    i.NVIC_Init         misc.o
    0x08003334   0x00000014   Code   RO          384    i.NVIC_PriorityGroupConfig  misc.o
    0x08003348   0x00000020   Code   RO          654    i.RCC_AHBPeriphClockCmd  stm32f10x_rcc.o
    0x08003368   0x00000020   Code   RO          655    i.RCC_APB1PeriphClockCmd  stm32f10x_rcc.o
    0x08003388   0x00000020   Code   RO          657    i.RCC_APB2PeriphClockCmd  stm32f10x_rcc.o
    0x080033a8   0x000000d4   Code   RO          665    i.RCC_GetClocksFreq  stm32f10x_rcc.o
    0x0800347c   0x00000008   Code   RO          331    i.SetSysClock       system_stm32f10x.o
    0x08003484   0x000000e0   Code   RO          332    i.SetSysClockTo72   system_stm32f10x.o
    0x08003564   0x00000028   Code   RO          387    i.SysTick_CLKSourceConfig  misc.o
    0x0800358c   0x00000010   Code   RO         1635    i.SysTick_Handler   delay.o
    0x0800359c   0x00000060   Code   RO          334    i.SystemInit        system_stm32f10x.o
    0x080035fc   0x00000038   Code   RO         5776    i.TIM2_IRQHandler   usmart.o
    0x08003634   0x00000018   Code   RO         1049    i.TIM_Cmd           stm32f10x_tim.o
    0x0800364c   0x00000012   Code   RO         1074    i.TIM_ITConfig      stm32f10x_tim.o
    0x0800365e   0x00000002   PAD
    0x08003660   0x000000a4   Code   RO         1120    i.TIM_TimeBaseInit  stm32f10x_tim.o
    0x08003704   0x0000005c   Code   RO         5777    i.Timer2_Init       usmart.o
    0x08003760   0x00000028   Code   RO         3273    i.TskLed0           tskled.o
    0x08003788   0x00000030   Code   RO         3274    i.TskLed1           tskled.o
    0x080037b8   0x00000064   Code   RO         3275    i.TskLedCreate      tskled.o
    0x0800381c   0x00000088   Code   RO         1714    i.USART1_IRQHandler  usart.o
    0x080038a4   0x00000018   Code   RO          857    i.USART_Cmd         stm32f10x_usart.o
    0x080038bc   0x00000054   Code   RO          861    i.USART_GetITStatus  stm32f10x_usart.o
    0x08003910   0x0000004a   Code   RO          863    i.USART_ITConfig    stm32f10x_usart.o
    0x0800395a   0x00000002   PAD
    0x0800395c   0x000000d8   Code   RO          864    i.USART_Init        stm32f10x_usart.o
    0x08003a34   0x0000000a   Code   RO          871    i.USART_ReceiveData  stm32f10x_usart.o
    0x08003a3e   0x00000004   Code   RO          265    i.UsageFault_Handler  stm32f10x_it.o
    0x08003a42   0x0000000e   Code   RO         5990    i._is_digit         c_w.l(__printf_wp.o)
    0x08003a50   0x00000006   Code   RO         1715    i._sys_exit         usart.o
    0x08003a56   0x000000b0   Code   RO         5007    i.accept_function   api_msg.o
    0x08003b06   0x00000002   PAD
    0x08003b08   0x00000020   Code   RO         4490    i.arp_timer         timers_1.o
    0x08003b28   0x0000005c   Code   RO         1636    i.delay_init        delay.o
    0x08003b84   0x00000040   Code   RO         1637    i.delay_ms          delay.o
    0x08003bc4   0x00000048   Code   RO         1638    i.delay_us          delay.o
    0x08003c0c   0x00000016   Code   RO            1    i.display_task      main.o
    0x08003c22   0x00000074   Code   RO         5008    i.do_bind           api_msg.o
    0x08003c96   0x00000074   Code   RO         5009    i.do_close          api_msg.o
    0x08003d0a   0x00000002   PAD
    0x08003d0c   0x0000012c   Code   RO         5010    i.do_close_internal  api_msg.o
    0x08003e38   0x000000c2   Code   RO         5013    i.do_delconn        api_msg.o
    0x08003efa   0x000000b2   Code   RO         5015    i.do_getaddr        api_msg.o
    0x08003fac   0x000000cc   Code   RO         5016    i.do_listen         api_msg.o
    0x08004078   0x00000020   Code   RO         5017    i.do_newconn        api_msg.o
    0x08004098   0x00000048   Code   RO         5018    i.do_recv           api_msg.o
    0x080040e0   0x0000006a   Code   RO         5020    i.do_write          api_msg.o
    0x0800414a   0x00000146   Code   RO         5021    i.do_writemore      api_msg.o
    0x08004290   0x000000b2   Code   RO         5022    i.err_tcp           api_msg.o
    0x08004342   0x0000012a   Code   RO         3397    i.etharp_arp_input  etharp.o
    0x0800446c   0x0000017c   Code   RO         3400    i.etharp_find_entry  etharp.o
    0x080045e8   0x00000078   Code   RO         3401    i.etharp_free_entry  etharp.o
    0x08004660   0x0000014c   Code   RO         3402    i.etharp_output     etharp.o
    0x080047ac   0x0000006c   Code   RO         3403    i.etharp_output_to_arp_index  etharp.o
    0x08004818   0x00000174   Code   RO         3404    i.etharp_query      etharp.o
    0x0800498c   0x000000ba   Code   RO         3405    i.etharp_raw        etharp.o
    0x08004a46   0x00000002   PAD
    0x08004a48   0x00000030   Code   RO         3406    i.etharp_request    etharp.o
    0x08004a78   0x0000003c   Code   RO         3407    i.etharp_send_ip    etharp.o
    0x08004ab4   0x00000094   Code   RO         3408    i.etharp_tmr        etharp.o
    0x08004b48   0x000000c4   Code   RO         3409    i.etharp_update_arp_entry  etharp.o
    0x08004c0c   0x000000bc   Code   RO         3410    i.ethernet_input    etharp.o
    0x08004cc8   0x00000030   Code   RO         3527    i.ethernetif_init   ethernetif.o
    0x08004cf8   0x00000048   Code   RO         3528    i.ethernetif_input  ethernetif.o
    0x08004d40   0x0000001c   Code   RO         1716    i.fputc             usart.o
    0x08004d5c   0x00000012   Code   RO         4632    i.icmp_dest_unreach  icmp.o
    0x08004d6e   0x00000002   PAD
    0x08004d70   0x000001a4   Code   RO         4633    i.icmp_input        icmp.o
    0x08004f14   0x00000088   Code   RO         4634    i.icmp_send_response  icmp.o
    0x08004f9c   0x00000012   Code   RO         4635    i.icmp_time_exceeded  icmp.o
    0x08004fae   0x00000014   Code   RO         4677    i.inet_chksum       inet_chksum.o
    0x08004fc2   0x00000056   Code   RO         4678    i.inet_chksum_pbuf  inet_chksum.o
    0x08005018   0x000000aa   Code   RO         4679    i.inet_chksum_pseudo  inet_chksum.o
    0x080050c2   0x0000004e   Code   RO         4751    i.ip4_addr_isbroadcast  ip_addr.o
    0x08005110   0x000001ac   Code   RO         4810    i.ip_frag           ip_frag.o
    0x080052bc   0x0000000a   Code   RO         4811    i.ip_frag_alloc_pbuf_custom_ref  ip_frag.o
    0x080052c6   0x00000012   Code   RO         4812    i.ip_frag_free_pbuf_custom_ref  ip_frag.o
    0x080052d8   0x000001e0   Code   RO         4712    i.ip_input          ip.o
    0x080054b8   0x0000003c   Code   RO         4713    i.ip_output         ip.o
    0x080054f4   0x00000110   Code   RO         4714    i.ip_output_if      ip.o
    0x08005604   0x000001a4   Code   RO         4813    i.ip_reass          ip_frag.o
    0x080057a8   0x00000164   Code   RO         4814    i.ip_reass_chain_frag_into_datagram_and_validate  ip_frag.o
    0x0800590c   0x0000002c   Code   RO         4815    i.ip_reass_dequeue_datagram  ip_frag.o
    0x08005938   0x00000058   Code   RO         4816    i.ip_reass_enqueue_new_datagram  ip_frag.o
    0x08005990   0x000000a0   Code   RO         4817    i.ip_reass_free_complete_datagram  ip_frag.o
    0x08005a30   0x0000007c   Code   RO         4818    i.ip_reass_remove_oldest_datagram  ip_frag.o
    0x08005aac   0x00000020   Code   RO         4491    i.ip_reass_timer    timers_1.o
    0x08005acc   0x0000003c   Code   RO         4819    i.ip_reass_tmr      ip_frag.o
    0x08005b08   0x00000058   Code   RO         4715    i.ip_route          ip.o
    0x08005b60   0x00000020   Code   RO         4820    i.ipfrag_free_pbuf_custom  ip_frag.o
    0x08005b80   0x0000004c   Code   RO         3529    i.low_level_init    ethernetif.o
    0x08005bcc   0x0000000e   Code   RO         3530    i.low_level_input   ethernetif.o
    0x08005bda   0x00000010   Code   RO         3531    i.low_level_output  ethernetif.o
    0x08005bea   0x00000002   PAD
    0x08005bec   0x0000006c   Code   RO         5669    i.lwip_comm_default_ip_set  lwip_comm.o
    0x08005c58   0x0000022c   Code   RO         5670    i.lwip_comm_init    lwip_comm.o
    0x08005e84   0x0000004c   Code   RO         5671    i.lwip_comm_mem_free  lwip_comm.o
    0x08005ed0   0x000000d0   Code   RO         5672    i.lwip_comm_mem_malloc  lwip_comm.o
    0x08005fa0   0x00000010   Code   RO         5673    i.lwip_dm9000_input_task  lwip_comm.o
    0x08005fb0   0x0000001a   Code   RO         3579    i.lwip_htonl        def.o
    0x08005fca   0x0000000c   Code   RO         3580    i.lwip_htons        def.o
    0x08005fd6   0x00000024   Code   RO         3621    i.lwip_init         init.o
    0x08005ffa   0x0000000c   Code   RO         3581    i.lwip_ntohl        def.o
    0x08006006   0x0000000c   Code   RO         3582    i.lwip_ntohs        def.o
    0x08006012   0x00000002   Code   RO         5276    i.lwip_socket_init  sockets.o
    0x08006014   0x0000005e   Code   RO         4681    i.lwip_standard_chksum  inet_chksum.o
    0x08006072   0x00000002   PAD
    0x08006074   0x00000200   Code   RO            2    i.main              main.o
    0x08006274   0x0000006c   Code   RO         3702    i.mem_free          mem.o
    0x080062e0   0x00000074   Code   RO         3703    i.mem_init          mem.o
    0x08006354   0x00000114   Code   RO         3704    i.mem_malloc        mem.o
    0x08006468   0x00000120   Code   RO         3705    i.mem_trim          mem.o
    0x08006588   0x00000020   Code   RO         3745    i.memp_free         memp.o
    0x080065a8   0x00000008   Code   RO         3746    i.memp_get_memorysize  memp.o
    0x080065b0   0x00000068   Code   RO         3747    i.memp_init         memp.o
    0x08006618   0x00000030   Code   RO         3748    i.memp_malloc       memp.o
    0x08006648   0x0000006c   Code   RO         3327    i.my_mem_free       malloc.o
    0x080066b4   0x00000044   Code   RO         3328    i.my_mem_init       malloc.o
    0x080066f8   0x000000a8   Code   RO         3329    i.my_mem_malloc     malloc.o
    0x080067a0   0x00000040   Code   RO         3330    i.my_mem_perused    malloc.o
    0x080067e0   0x00000024   Code   RO         3331    i.myfree            malloc.o
    0x08006804   0x00000028   Code   RO         3332    i.mymalloc          malloc.o
    0x0800682c   0x00000014   Code   RO         3334    i.mymemset          malloc.o
    0x08006840   0x00000020   Code   RO         5174    i.netbuf_delete     netbuf.o
    0x08006860   0x0000009e   Code   RO         4876    i.netconn_accept    api_lib.o
    0x080068fe   0x00000098   Code   RO         5023    i.netconn_alloc     api_msg.o
    0x08006996   0x00000002   PAD
    0x08006998   0x00000044   Code   RO         4877    i.netconn_bind      api_lib.o
    0x080069dc   0x0000000e   Code   RO         4878    i.netconn_close     api_lib.o
    0x080069ea   0x00000002   PAD
    0x080069ec   0x00000040   Code   RO         4879    i.netconn_close_shutdown  api_lib.o
    0x08006a2c   0x00000028   Code   RO         4881    i.netconn_delete    api_lib.o
    0x08006a54   0x000000aa   Code   RO         5024    i.netconn_drain     api_msg.o
    0x08006afe   0x0000003a   Code   RO         5025    i.netconn_free      api_msg.o
    0x08006b38   0x00000064   Code   RO         4883    i.netconn_getaddr   api_lib.o
    0x08006b9c   0x0000003c   Code   RO         4884    i.netconn_listen_with_backlog  api_lib.o
    0x08006bd8   0x00000078   Code   RO         4885    i.netconn_new_with_proto_and_callback  api_lib.o
    0x08006c50   0x0000009c   Code   RO         4886    i.netconn_recv      api_lib.o
    0x08006cec   0x000000fc   Code   RO         4887    i.netconn_recv_data  api_lib.o
    0x08006de8   0x000000a0   Code   RO         4893    i.netconn_write_partly  api_lib.o
    0x08006e88   0x00000088   Code   RO         3802    i.netif_add         netif.o
    0x08006f10   0x00000002   Code   RO         3804    i.netif_init        netif.o
    0x08006f12   0x00000028   Code   RO         3806    i.netif_set_addr    netif.o
    0x08006f3a   0x00000002   PAD
    0x08006f3c   0x00000010   Code   RO         3807    i.netif_set_default  netif.o
    0x08006f4c   0x00000010   Code   RO         3809    i.netif_set_gw      netif.o
    0x08006f5c   0x00000084   Code   RO         3810    i.netif_set_ipaddr  netif.o
    0x08006fe0   0x00000010   Code   RO         3813    i.netif_set_netmask  netif.o
    0x08006ff0   0x00000036   Code   RO         3814    i.netif_set_up      netif.o
    0x08007026   0x000001aa   Code   RO         3896    i.pbuf_alloc        pbuf.o
    0x080071d0   0x00000074   Code   RO         3897    i.pbuf_alloced_custom  pbuf.o
    0x08007244   0x00000038   Code   RO         3898    i.pbuf_cat          pbuf.o
    0x0800727c   0x00000012   Code   RO         3900    i.pbuf_clen         pbuf.o
    0x0800728e   0x000000c8   Code   RO         3902    i.pbuf_copy         pbuf.o
    0x08007356   0x00000092   Code   RO         3903    i.pbuf_copy_partial  pbuf.o
    0x080073e8   0x00000096   Code   RO         3905    i.pbuf_free         pbuf.o
    0x0800747e   0x00000002   PAD
    0x08007480   0x00000034   Code   RO         3906    i.pbuf_free_ooseq   pbuf.o
    0x080074b4   0x0000000a   Code   RO         3907    i.pbuf_free_ooseq_callback  pbuf.o
    0x080074be   0x00000086   Code   RO         3909    i.pbuf_header       pbuf.o
    0x08007544   0x00000030   Code   RO         3912    i.pbuf_pool_is_empty  pbuf.o
    0x08007574   0x00000078   Code   RO         3913    i.pbuf_realloc      pbuf.o
    0x080075ec   0x0000000a   Code   RO         3914    i.pbuf_ref          pbuf.o
    0x080075f6   0x00000002   PAD
    0x080075f8   0x0000009c   Code   RO         5026    i.pcb_new           api_msg.o
    0x08007694   0x00000088   Code   RO         3706    i.plug_holes        mem.o
    0x0800771c   0x0000006a   Code   RO         5027    i.poll_tcp          api_msg.o
    0x08007786   0x00000002   PAD
    0x08007788   0x00000098   Code   RO         2609    i.prvAddCurrentTaskToDelayedList  tasks.o
    0x08007820   0x000000b8   Code   RO         2610    i.prvAddNewTaskToReadyList  tasks.o
    0x080078d8   0x00000074   Code   RO         2999    i.prvCheckForValidListAndQueue  timers.o
    0x0800794c   0x00000048   Code   RO         2611    i.prvCheckTasksWaitingTermination  tasks.o
    0x08007994   0x0000002a   Code   RO         2341    i.prvCopyDataFromQueue  queue.o
    0x080079be   0x0000007c   Code   RO         2342    i.prvCopyDataToQueue  queue.o
    0x08007a3a   0x00000002   PAD
    0x08007a3c   0x0000006c   Code   RO         2612    i.prvDeleteTCB      tasks.o
    0x08007aa8   0x00000014   Code   RO         2343    i.prvGetDisinheritPriorityAfterTimeout  queue.o
    0x08007abc   0x00000028   Code   RO         3000    i.prvGetNextExpireTime  timers.o
    0x08007ae4   0x0000007c   Code   RO         3224    i.prvHeapInit       heap_4.o
    0x08007b60   0x00000028   Code   RO         2613    i.prvIdleTask       tasks.o
    0x08007b88   0x0000001c   Code   RO         2344    i.prvInitialiseMutex  queue.o
    0x08007ba4   0x0000002e   Code   RO         2345    i.prvInitialiseNewQueue  queue.o
    0x08007bd2   0x00000002   PAD
    0x08007bd4   0x000000d0   Code   RO         2614    i.prvInitialiseNewTask  tasks.o
    0x08007ca4   0x00000068   Code   RO         2615    i.prvInitialiseTaskLists  tasks.o
    0x08007d0c   0x00000068   Code   RO         3225    i.prvInsertBlockIntoFreeList  heap_4.o
    0x08007d74   0x00000058   Code   RO         3002    i.prvInsertTimerInActiveList  timers.o
    0x08007dcc   0x0000001a   Code   RO         2346    i.prvIsQueueEmpty   queue.o
    0x08007de6   0x0000001e   Code   RO         2347    i.prvIsQueueFull    queue.o
    0x08007e04   0x000000a0   Code   RO         2348    i.prvNotifyQueueSetContainer  queue.o
    0x08007ea4   0x00000080   Code   RO         3003    i.prvProcessExpiredTimer  timers.o
    0x08007f24   0x00000130   Code   RO         3004    i.prvProcessReceivedCommands  timers.o
    0x08008054   0x00000074   Code   RO         3005    i.prvProcessTimerOrBlockTask  timers.o
    0x080080c8   0x00000034   Code   RO         2617    i.prvResetNextTaskUnblockTime  tasks.o
    0x080080fc   0x0000002c   Code   RO         3006    i.prvSampleTimeNow  timers.o
    0x08008128   0x000000bc   Code   RO         3007    i.prvSwitchTimerLists  timers.o
    0x080081e4   0x00000070   Code   RO         3148    i.prvTaskExitError  port.o
    0x08008254   0x0000001a   Code   RO         3008    i.prvTimerTask      timers.o
    0x0800826e   0x00000092   Code   RO         2349    i.prvUnlockQueue    queue.o
    0x08008300   0x00000154   Code   RO         3226    i.pvPortMalloc      heap_4.o
    0x08008454   0x00000020   Code   RO         2621    i.pvTaskIncrementMutexHeldCount  tasks.o
    0x08008474   0x00000024   Code   RO         3149    i.pxPortInitialiseStack  port.o
    0x08008498   0x00000010   Code   RO         4040    i.raw_bind          raw.o
    0x080084a8   0x00000074   Code   RO         4042    i.raw_input         raw.o
    0x0800851c   0x00000034   Code   RO         4043    i.raw_new           raw.o
    0x08008550   0x00000006   Code   RO         4044    i.raw_recv          raw.o
    0x08008556   0x00000002   PAD
    0x08008558   0x00000040   Code   RO         4045    i.raw_remove        raw.o
    0x08008598   0x00000006   Code   RO         5778    i.read_addr         usmart.o
    0x0800859e   0x00000002   PAD
    0x080085a0   0x0000009c   Code   RO         5028    i.recv_raw          api_msg.o
    0x0800863c   0x00000080   Code   RO         5029    i.recv_tcp          api_msg.o
    0x080086bc   0x00000082   Code   RO         5030    i.recv_udp          api_msg.o
    0x0800873e   0x00000068   Code   RO         5031    i.sent_tcp          api_msg.o
    0x080087a6   0x00000002   PAD
    0x080087a8   0x00000044   Code   RO         5032    i.setup_tcp         api_msg.o
    0x080087ec   0x000001e4   Code   RO            3    i.show_address      main.o
    0x080089d0   0x0000003c   Code   RO            4    i.start_task        main.o
    0x08008a0c   0x00000060   Code   RO         5524    i.sys_arch_mbox_fetch  sys_arch.o
    0x08008a6c   0x00000022   Code   RO         5525    i.sys_arch_mbox_tryfetch  sys_arch.o
    0x08008a8e   0x00000050   Code   RO         5527    i.sys_arch_sem_wait  sys_arch.o
    0x08008ade   0x00000002   PAD
    0x08008ae0   0x0000000c   Code   RO         5530    i.sys_init          sys_arch.o
    0x08008aec   0x00000012   Code   RO         5531    i.sys_mbox_free     sys_arch.o
    0x08008afe   0x00000020   Code   RO         5532    i.sys_mbox_new      sys_arch.o
    0x08008b1e   0x00000018   Code   RO         5533    i.sys_mbox_post     sys_arch.o
    0x08008b36   0x00000006   Code   RO         5534    i.sys_mbox_set_invalid  sys_arch.o
    0x08008b3c   0x00000020   Code   RO         5535    i.sys_mbox_trypost  sys_arch.o
    0x08008b5c   0x0000000e   Code   RO         5536    i.sys_mbox_valid    sys_arch.o
    0x08008b6a   0x0000000c   Code   RO         5538    i.sys_sem_free      sys_arch.o
    0x08008b76   0x0000003a   Code   RO         5539    i.sys_sem_new       sys_arch.o
    0x08008bb0   0x00000006   Code   RO         5540    i.sys_sem_set_invalid  sys_arch.o
    0x08008bb6   0x00000012   Code   RO         5541    i.sys_sem_signal    sys_arch.o
    0x08008bc8   0x0000000e   Code   RO         5542    i.sys_sem_valid     sys_arch.o
    0x08008bd6   0x00000002   PAD
    0x08008bd8   0x00000044   Code   RO         5543    i.sys_thread_new    sys_arch.o
    0x08008c1c   0x0000009c   Code   RO         4492    i.sys_timeout       timers_1.o
    0x08008cb8   0x00000024   Code   RO         4493    i.sys_timeouts_init  timers_1.o
    0x08008cdc   0x00000088   Code   RO         4494    i.sys_timeouts_mbox_fetch  timers_1.o
    0x08008d64   0x00000060   Code   RO         4495    i.sys_untimeout     timers_1.o
    0x08008dc4   0x000000a4   Code   RO         4102    i.tcp_abandon       tcp.o
    0x08008e68   0x0000000e   Code   RO         4103    i.tcp_abort         tcp.o
    0x08008e76   0x00000004   Code   RO         4104    i.tcp_accept        tcp.o
    0x08008e7a   0x00000008   Code   RO         4105    i.tcp_accept_null   tcp.o
    0x08008e82   0x00000002   PAD
    0x08008e84   0x000000c4   Code   RO         4106    i.tcp_alloc         tcp.o
    0x08008f48   0x00000004   Code   RO         4107    i.tcp_arg           tcp.o
    0x08008f4c   0x0000009c   Code   RO         4108    i.tcp_bind          tcp.o
    0x08008fe8   0x0000001c   Code   RO         4109    i.tcp_close         tcp.o
    0x08009004   0x000001c8   Code   RO         4110    i.tcp_close_shutdown  tcp.o
    0x080091cc   0x000000b8   Code   RO         4393    i.tcp_create_segment  tcp_out.o
    0x08009284   0x0000002e   Code   RO         4113    i.tcp_eff_send_mss  tcp.o
    0x080092b2   0x00000126   Code   RO         4394    i.tcp_enqueue_flags  tcp_out.o
    0x080093d8   0x0000000a   Code   RO         4114    i.tcp_err           tcp.o
    0x080093e2   0x00000002   PAD
    0x080093e4   0x00000080   Code   RO         4115    i.tcp_fasttmr       tcp.o
    0x08009464   0x00000002   Code   RO         4116    i.tcp_init          tcp.o
    0x08009466   0x00000002   PAD
    0x08009468   0x000004b8   Code   RO         4337    i.tcp_input         tcp_in.o
    0x08009920   0x00000066   Code   RO         4395    i.tcp_keepalive     tcp_out.o
    0x08009986   0x00000002   PAD
    0x08009988   0x00000058   Code   RO         4117    i.tcp_kill_prio     tcp.o
    0x080099e0   0x00000040   Code   RO         4118    i.tcp_kill_timewait  tcp.o
    0x08009a20   0x0000013c   Code   RO         4338    i.tcp_listen_input  tcp_in.o
    0x08009b5c   0x000000d8   Code   RO         4119    i.tcp_listen_with_backlog  tcp.o
    0x08009c34   0x0000000a   Code   RO         4120    i.tcp_new           tcp.o
    0x08009c3e   0x00000002   PAD
    0x08009c40   0x00000068   Code   RO         4121    i.tcp_new_port      tcp.o
    0x08009ca8   0x0000001c   Code   RO         4122    i.tcp_next_iss      tcp.o
    0x08009cc4   0x00000090   Code   RO         4339    i.tcp_oos_insert_segment  tcp_in.o
    0x08009d54   0x000001c0   Code   RO         4396    i.tcp_output        tcp_out.o
    0x08009f14   0x00000078   Code   RO         4397    i.tcp_output_alloc_header  tcp_out.o
    0x08009f8c   0x000000ec   Code   RO         4398    i.tcp_output_segment  tcp_out.o
    0x0800a078   0x000000d0   Code   RO         4340    i.tcp_parseopt      tcp_in.o
    0x0800a148   0x00000078   Code   RO         4399    i.tcp_pbuf_prealloc  tcp_out.o
    0x0800a1c0   0x0000006a   Code   RO         4123    i.tcp_pcb_purge     tcp.o
    0x0800a22a   0x00000002   PAD
    0x0800a22c   0x00000094   Code   RO         4124    i.tcp_pcb_remove    tcp.o
    0x0800a2c0   0x0000000e   Code   RO         4125    i.tcp_poll          tcp.o
    0x0800a2ce   0x00000002   PAD
    0x0800a2d0   0x000005b8   Code   RO         4341    i.tcp_process       tcp_in.o
    0x0800a888   0x00000098   Code   RO         4126    i.tcp_process_refused_data  tcp.o
    0x0800a920   0x00000a30   Code   RO         4342    i.tcp_receive       tcp_in.o
    0x0800b350   0x0000000a   Code   RO         4127    i.tcp_recv          tcp.o
    0x0800b35a   0x0000002e   Code   RO         4128    i.tcp_recv_null     tcp.o
    0x0800b388   0x0000004a   Code   RO         4129    i.tcp_recved        tcp.o
    0x0800b3d2   0x0000005a   Code   RO         4400    i.tcp_rexmit        tcp_out.o
    0x0800b42c   0x00000078   Code   RO         4401    i.tcp_rexmit_fast   tcp_out.o
    0x0800b4a4   0x0000003a   Code   RO         4402    i.tcp_rexmit_rto    tcp_out.o
    0x0800b4de   0x00000096   Code   RO         4403    i.tcp_rst           tcp_out.o
    0x0800b574   0x00000026   Code   RO         4130    i.tcp_seg_copy      tcp.o
    0x0800b59a   0x0000001a   Code   RO         4131    i.tcp_seg_free      tcp.o
    0x0800b5b4   0x00000018   Code   RO         4132    i.tcp_segs_free     tcp.o
    0x0800b5cc   0x00000068   Code   RO         4404    i.tcp_send_empty_ack  tcp_out.o
    0x0800b634   0x0000004a   Code   RO         4405    i.tcp_send_fin      tcp_out.o
    0x0800b67e   0x00000008   Code   RO         4133    i.tcp_sent          tcp.o
    0x0800b686   0x00000002   PAD
    0x0800b688   0x00000038   Code   RO         5747    i.tcp_server_init   tcp_server_demo.o
    0x0800b6c0   0x000001f8   Code   RO         5748    i.tcp_server_thread  tcp_server_demo.o
    0x0800b8b8   0x00000062   Code   RO         4135    i.tcp_shutdown      tcp.o
    0x0800b91a   0x00000002   PAD
    0x0800b91c   0x00000388   Code   RO         4136    i.tcp_slowtmr       tcp.o
    0x0800bca4   0x00000038   Code   RO         4496    i.tcp_timer_needed  timers_1.o
    0x0800bcdc   0x000000ac   Code   RO         4343    i.tcp_timewait_input  tcp_in.o
    0x0800bd88   0x00000024   Code   RO         4137    i.tcp_tmr           tcp.o
    0x0800bdac   0x0000004e   Code   RO         4138    i.tcp_update_rcv_ann_wnd  tcp.o
    0x0800bdfa   0x000003d0   Code   RO         4406    i.tcp_write         tcp_out.o
    0x0800c1ca   0x00000080   Code   RO         4407    i.tcp_write_checks  tcp_out.o
    0x0800c24a   0x000000c6   Code   RO         4408    i.tcp_zero_window_probe  tcp_out.o
    0x0800c310   0x00000040   Code   RO         5433    i.tcpip_apimsg      tcpip.o
    0x0800c350   0x00000060   Code   RO         5434    i.tcpip_callback_with_block  tcpip.o
    0x0800c3b0   0x00000054   Code   RO         5437    i.tcpip_init        tcpip.o
    0x0800c404   0x0000004c   Code   RO         5438    i.tcpip_input       tcpip.o
    0x0800c450   0x00000038   Code   RO         4497    i.tcpip_tcp_timer   timers_1.o
    0x0800c488   0x000000e4   Code   RO         5439    i.tcpip_thread      tcpip.o
    0x0800c56c   0x000000a4   Code   RO         1717    i.uart_init         usart.o
    0x0800c610   0x00000098   Code   RO         4543    i.udp_bind          udp.o
    0x0800c6a8   0x00000002   Code   RO         4546    i.udp_init          udp.o
    0x0800c6aa   0x00000002   PAD
    0x0800c6ac   0x000001cc   Code   RO         4547    i.udp_input         udp.o
    0x0800c878   0x0000001c   Code   RO         4548    i.udp_new           udp.o
    0x0800c894   0x00000058   Code   RO         4549    i.udp_new_port      udp.o
    0x0800c8ec   0x00000006   Code   RO         4550    i.udp_recv          udp.o
    0x0800c8f2   0x00000002   PAD
    0x0800c8f4   0x00000040   Code   RO         4551    i.udp_remove        udp.o
    0x0800c934   0x000000b0   Code   RO         5779    i.usmart_cmd_rec    usmart.o
    0x0800c9e4   0x000002d4   Code   RO         5780    i.usmart_exe        usmart.o
    0x0800ccb8   0x000000c8   Code   RO         5865    i.usmart_get_aparm  usmart_str.o
    0x0800cd80   0x00000036   Code   RO         5866    i.usmart_get_cmdname  usmart_str.o
    0x0800cdb6   0x00000002   PAD
    0x0800cdb8   0x000001c0   Code   RO         5867    i.usmart_get_fname  usmart_str.o
    0x0800cf78   0x0000010c   Code   RO         5868    i.usmart_get_fparam  usmart_str.o
    0x0800d084   0x00000020   Code   RO         5869    i.usmart_get_parmpos  usmart_str.o
    0x0800d0a4   0x00000040   Code   RO         5781    i.usmart_get_runtime  usmart.o
    0x0800d0e4   0x00000028   Code   RO         5782    i.usmart_init       usmart.o
    0x0800d10c   0x00000016   Code   RO         5870    i.usmart_pow        usmart_str.o
    0x0800d122   0x00000002   PAD
    0x0800d124   0x00000028   Code   RO         5783    i.usmart_reset_runtime  usmart.o
    0x0800d14c   0x000000bc   Code   RO         5784    i.usmart_scan       usmart.o
    0x0800d208   0x00000016   Code   RO         5871    i.usmart_search_nextc  usmart_str.o
    0x0800d21e   0x000000ca   Code   RO         5872    i.usmart_str2num    usmart_str.o
    0x0800d2e8   0x00000022   Code   RO         5873    i.usmart_strcmp     usmart_str.o
    0x0800d30a   0x00000016   Code   RO         5874    i.usmart_strcopy    usmart_str.o
    0x0800d320   0x00000018   Code   RO         5875    i.usmart_strlen     usmart_str.o
    0x0800d338   0x000006e4   Code   RO         5785    i.usmart_sys_cmd_exe  usmart.o
    0x0800da1c   0x00000028   Code   RO         2301    i.uxListRemove      list.o
    0x0800da44   0x00000044   Code   RO         2352    i.uxQueueMessagesWaiting  queue.o
    0x0800da88   0x00000018   Code   RO         2629    i.vApplicationGetIdleTaskMemory  tasks.o
    0x0800daa0   0x00000018   Code   RO         2630    i.vApplicationGetTimerTaskMemory  tasks.o
    0x0800dab8   0x0000001a   Code   RO         2302    i.vListInitialise   list.o
    0x0800dad2   0x00000006   Code   RO         2303    i.vListInitialiseItem  list.o
    0x0800dad8   0x00000034   Code   RO         2304    i.vListInsert       list.o
    0x0800db0c   0x00000018   Code   RO         2305    i.vListInsertEnd    list.o
    0x0800db24   0x00000088   Code   RO         3151    i.vPortEnterCritical  port.o
    0x0800dbac   0x00000070   Code   RO         3152    i.vPortExitCritical  port.o
    0x0800dc1c   0x000000b8   Code   RO         3227    i.vPortFree         heap_4.o
    0x0800dcd4   0x00000028   Code   RO         3153    i.vPortSetupTimerInterrupt  port.o
    0x0800dcfc   0x000000a0   Code   RO         3154    i.vPortValidateInterruptPriority  port.o
    0x0800dd9c   0x0000002c   Code   RO         2355    i.vQueueAddToRegistry  queue.o
    0x0800ddc8   0x0000004c   Code   RO         2356    i.vQueueDelete      queue.o
    0x0800de14   0x00000030   Code   RO         2358    i.vQueueUnregisterQueue  queue.o
    0x0800de44   0x0000004a   Code   RO         2359    i.vQueueWaitForMessageRestricted  queue.o
    0x0800de8e   0x00000002   PAD
    0x0800de90   0x00000074   Code   RO         2631    i.vTaskDelay        tasks.o
    0x0800df04   0x00000018   Code   RO         2636    i.vTaskInternalSetTimeOutState  tasks.o
    0x0800df1c   0x0000000c   Code   RO         2638    i.vTaskMissedYield  tasks.o
    0x0800df28   0x00000054   Code   RO         2640    i.vTaskPlaceOnEventList  tasks.o
    0x0800df7c   0x0000005c   Code   RO         2641    i.vTaskPlaceOnEventListRestricted  tasks.o
    0x0800dfd8   0x00000104   Code   RO         2643    i.vTaskPriorityDisinheritAfterTimeout  tasks.o
    0x0800e0dc   0x000000d4   Code   RO         2649    i.vTaskStartScheduler  tasks.o
    0x0800e1b0   0x0000010c   Code   RO         2650    i.vTaskSuspend      tasks.o
    0x0800e2bc   0x00000010   Code   RO         2651    i.vTaskSuspendAll   tasks.o
    0x0800e2cc   0x000000a8   Code   RO         2652    i.vTaskSwitchContext  tasks.o
    0x0800e374   0x00000004   Code   RO         5786    i.write_addr        usmart.o
    0x0800e378   0x00000140   Code   RO         3155    i.xPortStartScheduler  port.o
    0x0800e4b8   0x00000034   Code   RO         3156    i.xPortSysTickHandler  port.o
    0x0800e4ec   0x0000006c   Code   RO         2361    i.xQueueCreateCountingSemaphore  queue.o
    0x0800e558   0x00000022   Code   RO         2363    i.xQueueCreateMutex  queue.o
    0x0800e57a   0x00000002   PAD
    0x0800e57c   0x00000078   Code   RO         2366    i.xQueueGenericCreate  queue.o
    0x0800e5f4   0x000000d0   Code   RO         2367    i.xQueueGenericCreateStatic  queue.o
    0x0800e6c4   0x000000b0   Code   RO         2368    i.xQueueGenericReset  queue.o
    0x0800e774   0x000001c4   Code   RO         2369    i.xQueueGenericSend  queue.o
    0x0800e938   0x00000110   Code   RO         2370    i.xQueueGenericSendFromISR  queue.o
    0x0800ea48   0x000000fc   Code   RO         2371    i.xQueueGiveFromISR  queue.o
    0x0800eb44   0x00000170   Code   RO         2377    i.xQueueReceive     queue.o
    0x0800ecb4   0x000001b4   Code   RO         2382    i.xQueueSemaphoreTake  queue.o
    0x0800ee68   0x0000009c   Code   RO         2653    i.xTaskCheckForTimeOut  tasks.o
    0x0800ef04   0x00000064   Code   RO         2654    i.xTaskCreate       tasks.o
    0x0800ef68   0x000000bc   Code   RO         2655    i.xTaskCreateStatic  tasks.o
    0x0800f024   0x00000020   Code   RO         2659    i.xTaskGetSchedulerState  tasks.o
    0x0800f044   0x0000000c   Code   RO         2660    i.xTaskGetTickCount  tasks.o
    0x0800f050   0x00000160   Code   RO         2662    i.xTaskIncrementTick  tasks.o
    0x0800f1b0   0x000000d8   Code   RO         2665    i.xTaskPriorityDisinherit  tasks.o
    0x0800f288   0x000000c8   Code   RO         2666    i.xTaskPriorityInherit  tasks.o
    0x0800f350   0x000000b4   Code   RO         2667    i.xTaskRemoveFromEventList  tasks.o
    0x0800f404   0x00000120   Code   RO         2668    i.xTaskResumeAll    tasks.o
    0x0800f524   0x00000098   Code   RO         3015    i.xTimerCreateTimerTask  timers.o
    0x0800f5bc   0x000000a4   Code   RO         3016    i.xTimerGenericCommand  timers.o
    0x0800f660   0x000017c0   Data   RO         1829    .constdata          lcd.o
    0x08010e20   0x0000000e   Data   RO         3276    .constdata          tskled.o
    0x08010e2e   0x00000002   PAD
    0x08010e30   0x00000018   Data   RO         3339    .constdata          malloc.o
    0x08010e48   0x0000000c   Data   RO         3412    .constdata          etharp.o
    0x08010e54   0x00000038   Data   RO         3750    .constdata          memp.o
    0x08010e8c   0x00000050   Data   RO         4139    .constdata          tcp.o
    0x08010edc   0x00000008   Data   RO         4758    .constdata          ip_addr.o
    0x08010ee4   0x00000005   Data   RO         5750    .constdata          tcp_server_demo.o
    0x08010ee9   0x00000028   Data   RO         5963    .constdata          c_w.l(_printf_hex_int.o)
    0x08010f11   0x00000011   Data   RO         5998    .constdata          c_w.l(__printf_flags_ss_wp.o)
    0x08010f22   0x00000002   PAD
    0x08010f24   0x00000019   Data   RO            6    .conststring        main.o
    0x08010f3d   0x00000003   PAD
    0x08010f40   0x000000a0   Data   RO         3751    .conststring        memp.o
    0x08010fe0   0x0000006d   Data   RO         4140    .conststring        tcp.o
    0x0801104d   0x00000003   PAD
    0x08011050   0x0000001e   Data   RO         5675    .conststring        lwip_comm.o
    0x0801106e   0x00000002   PAD
    0x08011070   0x0000000f   Data   RO         5751    .conststring        tcp_server_demo.o
    0x0801107f   0x00000001   PAD
    0x08011080   0x00000028   Data   RO         5787    .conststring        usmart.o
    0x080110a8   0x00000103   Data   RO         5852    .conststring        usmart_config.o
    0x080111ab   0x00000001   PAD
    0x080111ac   0x00000020   Data   RO         6225    Region$$Table       anon$$obj.o


    Execution Region RW_IRAM1 (Base: 0x20000000, Size: 0x0000c578, Max: 0x00010000, ABSOLUTE, COMPRESSED[0x000000f0])

    Base Addr    Size         Type   Attr      Idx    E Section Name        Object

    0x20000000   0x00000008   Data   RW            7    .data               main.o
    0x20000008   0x00000014   Data   RW          335    .data               system_stm32f10x.o
    0x2000001c   0x00000014   Data   RW          685    .data               stm32f10x_rcc.o
    0x20000030   0x00000004   Data   RW         1640    .data               delay.o
    0x20000034   0x00000006   Data   RW         1719    .data               usart.o
    0x2000003a   0x00000004   Data   RW         1830    .data               lcd.o
    0x2000003e   0x00000002   PAD
    0x20000040   0x0000003c   Data   RW         2671    .data               tasks.o
    0x2000007c   0x00000014   Data   RW         3024    .data               timers.o
    0x20000090   0x0000000c   Data   RW         3157    .data               port.o
    0x2000009c   0x00000018   Data   RW         3232    .data               heap_4.o
    0x200000b4   0x00000018   Data   RW         3277    .data               tskled.o
    0x200000cc   0x0000001c   Data   RW         3340    .data               malloc.o
    0x200000e8   0x00000001   Data   RW         3413    .data               etharp.o
    0x200000e9   0x00000003   PAD
    0x200000ec   0x00000014   Data   RW         3707    .data               mem.o
    0x20000100   0x0000003c   Data   RW         3752    .data               memp.o
    0x2000013c   0x00000009   Data   RW         3815    .data               netif.o
    0x20000145   0x00000001   Data   RW         3917    .data               pbuf.o
    0x20000146   0x00000002   PAD
    0x20000148   0x00000004   Data   RW         4048    .data               raw.o
    0x2000014c   0x00000024   Data   RW         4141    .data               tcp.o
    0x20000170   0x00000020   Data   RW         4345    .data               tcp_in.o
    0x20000190   0x00000008   Data   RW         4498    .data               timers_1.o
    0x20000198   0x00000008   Data   RW         4555    .data               udp.o
    0x200001a0   0x00000012   Data   RW         4716    .data               ip.o
    0x200001b2   0x00000002   PAD
    0x200001b4   0x00000006   Data   RW         4821    .data               ip_frag.o
    0x200001ba   0x00000002   PAD
    0x200001bc   0x0000000c   Data   RW         5443    .data               tcpip.o
    0x200001c8   0x00000003   Data   RW         5544    .data               sys_arch.o
    0x200001cb   0x00000001   PAD
    0x200001cc   0x0000001c   Data   RW         5676    .data               lwip_comm.o
    0x200001e8   0x00000012   Data   RW         5752    .data               tcp_server_demo.o
    0x200001fa   0x00000002   PAD
    0x200001fc   0x0000001c   Data   RW         5788    .data               usmart.o
    0x20000218   0x00000134   Data   RW         5853    .data               usmart_config.o
    0x2000034c   0x000004b8   Zero   RW            5    .bss                main.o
    0x20000804   0x000000c8   Zero   RW         1718    .bss                usart.o
    0x200008cc   0x0000000e   Zero   RW         1828    .bss                lcd.o
    0x200008da   0x00000012   Zero   RW         2062    .bss                dm9000.o
    0x200008ec   0x00000040   Zero   RW         2384    .bss                queue.o
    0x2000092c   0x000009b4   Zero   RW         2670    .bss                tasks.o
    0x200012e0   0x000000cc   Zero   RW         3023    .bss                timers.o
    0x200013ac   0x00005000   Zero   RW         3231    .bss                heap_4.o
    0x200063ac   0x00000014   PAD
    0x200063c0   0x00005500   Zero   RW         3338    .bss                malloc.o
    0x2000b8c0   0x000000c8   Zero   RW         3411    .bss                etharp.o
    0x2000b988   0x00000038   Zero   RW         3749    .bss                memp.o
    0x2000b9c0   0x00000014   Zero   RW         4344    .bss                tcp_in.o
    0x2000b9d4   0x0000015c   Zero   RW         5674    .bss                lwip_comm.o
    0x2000bb30   0x000003e8   Zero   RW         5749    .bss                tcp_server_demo.o
    0x2000bf18   0x00000060   Zero   RW         6116    .bss                c_w.l(libspace.o)
    0x2000bf78   0x00000200   Zero   RW          377    HEAP                startup_stm32f10x_hd.o
    0x2000c178   0x00000400   Zero   RW          376    STACK               startup_stm32f10x_hd.o



  Load Region LR$$.ARM.__AT_0x68000000 (Base: 0x68000000, Size: 0x00000000, Max: 0x000f0000, ABSOLUTE)

    Execution Region ER$$.ARM.__AT_0x68000000 (Base: 0x68000000, Size: 0x000f0000, Max: 0x000f0000, ABSOLUTE, UNINIT)

    Base Addr    Size         Type   Attr      Idx    E Section Name        Object

    0x68000000   0x000f0000   Zero   RW         3336    .ARM.__AT_0x68000000  malloc.o



  Load Region LR$$.ARM.__AT_0x680F0000 (Base: 0x680f0000, Size: 0x00000000, Max: 0x0000f000, ABSOLUTE)

    Execution Region ER$$.ARM.__AT_0x680F0000 (Base: 0x680f0000, Size: 0x0000f000, Max: 0x0000f000, ABSOLUTE, UNINIT)

    Base Addr    Size         Type   Attr      Idx    E Section Name        Object

    0x680f0000   0x0000f000   Zero   RW         3337    .ARM.__AT_0x680F0000  malloc.o


==============================================================================

Image component sizes


      Code (inc. data)   RO Data    RW Data    ZI Data      Debug   Object Name

      1192         36          0          0          0      18000   api_lib.o
      3226         50          0          0          0      15704   api_msg.o
         0          0          0          0          0         32   core_cm3.o
        62          0          0          0          0       2020   def.o
       244         26          0          4          0       2233   delay.o
      2260        410          0          0         18      12785   dm9000.o
      2436         66         12          1        200      23020   etharp.o
       226         18          0          0          0       5132   ethernetif.o
         0          0          0          0          0      18468   event_groups.o
       752        176          0         24      20480       3751   heap_4.o
       592          8          0          0          0       3670   icmp.o
         0          0          0          0          0       3828   inet.o
       370          0          0          0          0       3446   inet_chksum.o
        36          0          0          0          0      14917   init.o
       900         34          0         18          0       7197   ip.o
        78          0          8          0          0       6814   ip_addr.o
      1740         40          0          6          0      10000   ip_frag.o
        60          8          0          0          0        483   key.o
      7004        154       6080          4         14      15827   lcd.o
        76          8          0          0          0        487   led.o
       148          0          0          0          0      11150   list.o
       964        344         30         28        348       7297   lwip_comm.o
      1078        318         25          8       1208     293956   main.o
       504         60         24         28    1066240       5829   malloc.o
       924         88          0         20          0       5001   mem.o
       192         26        216         60         56       4430   memp.o
       172         22          0          0          0       2001   misc.o
        32          0          0          0          0       1960   netbuf.o
       412         22          0          9          0       7182   netif.o
      1486         18          0          1          0      10596   pbuf.o
      1118        378          0         12          0      10013   port.o
      3358        466          0          0         64      19156   queue.o
       254         24          0          4          0       3685   raw.o
         2          0          0          0          0        447   sockets.o
       200         18          0          0          0        693   sram.o
        64         26        304          0       1536        792   startup_stm32f10x_hd.o
       160         12          0          0          0       1461   stm32f10x_exti.o
       282          6          0          0          0       1773   stm32f10x_fsmc.o
       346          4          0          0          0       3053   stm32f10x_gpio.o
        20          0          0          0          0       2413   stm32f10x_it.o
       308         38          0         20          0       4926   stm32f10x_rcc.o
       206         42          0          0          0       2268   stm32f10x_tim.o
       408          6          0          0          0       4874   stm32f10x_usart.o
       524          8          0          3          0      10997   sys_arch.o
       328         28          0         20          0       2017   system_stm32f10x.o
      3976        980          0         60       2484      39591   tasks.o
      3488        182        189         36          0      31604   tcp.o
      6120        318          0         32         20      17767   tcp_in.o
      3402          8          0          0          0      14563   tcp_out.o
       560        146         20         18       1000       5746   tcp_server_demo.o
       548         66          0         12          0       9330   tcpip.o
      1366        324          0         20        204       8475   timers.o
       600         68          0          8          0       5623   timers_1.o
       188         62         14         24          0       2247   tskled.o
       800         30          0          8          0       6755   udp.o
       334         28          0          6        200       4112   usart.o
      3154       1314         40         28          0       7310   usmart.o
         0          0        259        308          0       1672   usmart_config.o
      1328         20          0          0          0       8133   usmart_str.o

    ----------------------------------------------------------------------
     60696       6534       7265        844    1094092     748712   Object Totals
         0          0         32          0          0          0   (incl. Generated)
        88          0         12         14         20          0   (incl. Padding)

    ----------------------------------------------------------------------

      Code (inc. data)   RO Data    RW Data    ZI Data      Debug   Library Member Name

        90          0          0          0          0          0   __dczerorl2.o
         8          0          0          0          0         68   __main.o
       392          4         17          0          0         92   __printf_flags_ss_wp.o
        14          0          0          0          0         68   __printf_wp.o
         0          0          0          0          0          0   __rtentry.o
        12          0          0          0          0          0   __rtentry2.o
         6          0          0          0          0          0   __rtentry4.o
        52          8          0          0          0          0   __scatter.o
        28          0          0          0          0          0   __scatter_zi.o
         6          0          0          0          0          0   _printf_c.o
        44          0          0          0          0        108   _printf_char.o
        48          6          0          0          0         96   _printf_char_common.o
        36          4          0          0          0         80   _printf_char_file.o
         6          0          0          0          0          0   _printf_d.o
       120         16          0          0          0         92   _printf_dec.o
        88          4         40          0          0         88   _printf_hex_int.o
       178          0          0          0          0         88   _printf_intcommon.o
        78          0          0          0          0        108   _printf_pad.o
         0          0          0          0          0          0   _printf_percent.o
         4          0          0          0          0          0   _printf_percent_end.o
         6          0          0          0          0          0   _printf_s.o
        82          0          0          0          0         80   _printf_str.o
         6          0          0          0          0          0   _printf_u.o
         6          0          0          0          0          0   _printf_x.o
        10          0          0          0          0         68   _sputc.o
        16          0          0          0          0         68   aeabi_memset.o
        12          0          0          0          0         72   exit.o
         8          0          0          0          0         68   ferror.o
         6          0          0          0          0        152   heapauxi.o
         2          0          0          0          0          0   libinit.o
         2          0          0          0          0          0   libinit2.o
         2          0          0          0          0          0   libshutdown.o
         2          0          0          0          0          0   libshutdown2.o
         8          4          0          0         96         68   libspace.o
        88          0          0          0          0         76   memcmp.o
        24          4          0          0          0         84   noretval__2printf.o
        40          6          0          0          0         84   noretval__2sprintf.o
        68          0          0          0          0         68   rt_memclr.o
        78          0          0          0          0         80   rt_memclr_w.o
       138          0          0          0          0         68   rt_memcpy_v6.o
       100          0          0          0          0         80   rt_memcpy_w.o
         2          0          0          0          0          0   rtexit.o
        10          0          0          0          0          0   rtexit2.o
        62          0          0          0          0         76   strlen.o
        74          0          0          0          0         80   sys_stackheap_outer.o
         2          0          0          0          0         68   use_no_semi.o
         2          0          0          0          0         68   use_no_semi_2.o

    ----------------------------------------------------------------------
      2072         56         59          0         96       2296   Library Totals
         6          0          2          0          0          0   (incl. Padding)

    ----------------------------------------------------------------------

      Code (inc. data)   RO Data    RW Data    ZI Data      Debug   Library Name

      2066         56         57          0         96       2296   c_w.l

    ----------------------------------------------------------------------
      2072         56         59          0         96       2296   Library Totals

    ----------------------------------------------------------------------

==============================================================================


      Code (inc. data)   RO Data    RW Data    ZI Data      Debug   

     62768       6590       7324        844    1094188     728800   Grand Totals
     62768       6590       7324        240    1094188     728800   ELF Image Totals (compressed)
     62768       6590       7324        240          0          0   ROM Totals

==============================================================================

    Total RO  Size (Code + RO Data)                70092 (  68.45kB)
    Total RW  Size (RW Data + ZI Data)           1095032 (1069.37kB)
    Total ROM Size (Code + RO Data + RW Data)      70332 (  68.68kB)

==============================================================================

